Component: ARM Compiler 5.06 update 6 (build 750) Tool: armlink [4d35ed]

==============================================================================

Section Cross References

    system_stm32f10x.o(.text) refers to system_stm32f10x.o(.data) for SystemCoreClock
    stm32f10x_adc.o(.text) refers to stm32f10x_rcc.o(.text) for RCC_APB2PeriphResetCmd
    stm32f10x_bkp.o(.text) refers to stm32f10x_rcc.o(.text) for RCC_BackupResetCmd
    stm32f10x_can.o(.text) refers to stm32f10x_rcc.o(.text) for RCC_APB1PeriphResetCmd
    stm32f10x_cec.o(.text) refers to stm32f10x_rcc.o(.text) for RCC_APB1PeriphResetCmd
    stm32f10x_dac.o(.text) refers to stm32f10x_rcc.o(.text) for RCC_APB1PeriphResetCmd
    stm32f10x_gpio.o(.text) refers to stm32f10x_rcc.o(.text) for RCC_APB2PeriphResetCmd
    stm32f10x_i2c.o(.text) refers to stm32f10x_rcc.o(.text) for RCC_APB1PeriphResetCmd
    stm32f10x_pwr.o(.text) refers to stm32f10x_rcc.o(.text) for RCC_APB1PeriphResetCmd
    stm32f10x_rcc.o(.text) refers to stm32f10x_rcc.o(.data) for APBAHBPrescTable
    stm32f10x_spi.o(.text) refers to stm32f10x_rcc.o(.text) for RCC_APB2PeriphResetCmd
    stm32f10x_tim.o(.text) refers to stm32f10x_rcc.o(.text) for RCC_APB2PeriphResetCmd
    stm32f10x_usart.o(.text) refers to stm32f10x_rcc.o(.text) for RCC_APB2PeriphResetCmd
    stm32f10x_wwdg.o(.text) refers to stm32f10x_rcc.o(.text) for RCC_APB1PeriphResetCmd
    startup_stm32f10x_hd.o(RESET) refers to startup_stm32f10x_hd.o(STACK) for __initial_sp
    startup_stm32f10x_hd.o(RESET) refers to startup_stm32f10x_hd.o(.text) for Reset_Handler
    startup_stm32f10x_hd.o(RESET) refers to stm32f10x_it.o(.text) for NMI_Handler
    startup_stm32f10x_hd.o(RESET) refers to port.o(.emb_text) for SVC_Handler
    startup_stm32f10x_hd.o(RESET) refers to port.o(.text) for SysTick_Handler
    startup_stm32f10x_hd.o(RESET) refers to usart1.o(.text) for DMA1_Channel4_IRQHandler
    startup_stm32f10x_hd.o(.text) refers to system_stm32f10x.o(.text) for SystemInit
    startup_stm32f10x_hd.o(.text) refers to entry.o(.ARM.Collect$$$$00000000) for __main
    main.o(.text) refers to queue.o(.text) for xQueueGenericCreate
    main.o(.text) refers to memcpya.o(.text) for __aeabi_memcpy
    main.o(.text) refers to usart1.o(.text) for Uart1_Start_DMA_Tx
    main.o(.text) refers to tasks.o(.text) for xTaskGenericCreate
    main.o(.text) refers to bsp.o(.text) for bsp_Init
    main.o(.text) refers to main.o(.data) for xQueue_uart
    main.o(.text) refers to usart1.o(.bss) for SendBuff
    main.o(.text) refers to ledtask.o(.text) for vTaskLed
    main.o(.text) refers to keytask.o(.text) for vTaskKey
    sys.o(.text) refers to sys.o(.emb_text) for WFI_SET
    delay.o(.text) refers to delay.o(.data) for fac_us
    led.o(.text) refers to stm32f10x_rcc.o(.text) for RCC_APB2PeriphClockCmd
    led.o(.text) refers to stm32f10x_gpio.o(.text) for GPIO_Init
    led.o(.text) refers to led.o(.data) for LedA
    bsp_dwt_delay.o(.text) refers to bsp_dwt_delay.o(.data) for SYSCLK
    bsp.o(.text) refers to misc.o(.text) for NVIC_PriorityGroupConfig
    bsp.o(.text) refers to led.o(.text) for bsp_LED_Init
    bsp.o(.text) refers to bsp_key.o(.text) for bsp_KEY_Init
    bsp.o(.text) refers to usart1.o(.text) for USART1_Config
    bsp_key.o(.text) refers to stm32f10x_rcc.o(.text) for RCC_APB2PeriphClockCmd
    bsp_key.o(.text) refers to stm32f10x_gpio.o(.text) for GPIO_Init
    bsp_key.o(.text) refers to bsp_key.o(.data) for Key_PU
    usart1.o(.text) refers to misc.o(.text) for NVIC_Init
    usart1.o(.text) refers to stm32f10x_rcc.o(.text) for RCC_AHBPeriphClockCmd
    usart1.o(.text) refers to stm32f10x_dma.o(.text) for DMA_Cmd
    usart1.o(.text) refers to stm32f10x_gpio.o(.text) for GPIO_Init
    usart1.o(.text) refers to stm32f10x_usart.o(.text) for USART_Init
    usart1.o(.text) refers to usart1.o(.bss) for SendBuff
    usart1.o(.text) refers to usart1.o(.data) for num
    heap_4.o(.text) refers to tasks.o(.text) for vTaskSuspendAll
    heap_4.o(.text) refers to port.o(.emb_text) for ulPortSetInterruptMask
    heap_4.o(.text) refers to heap_4.o(.data) for xStart
    heap_4.o(.text) refers to heap_4.o(.bss) for ucHeap
    port.o(.emb_text) refers to tasks.o(.text) for vTaskSwitchContext
    port.o(.emb_text) refers to tasks.o(.data) for pxCurrentTCB
    port.o(.text) refers to port.o(.emb_text) for ulPortSetInterruptMask
    port.o(.text) refers to tasks.o(.text) for xTaskIncrementTick
    port.o(.text) refers to port.o(.data) for uxCriticalNesting
    event_groups.o(.text) refers to heap_4.o(.text) for pvPortMalloc
    event_groups.o(.text) refers to list.o(.text) for vListInitialise
    event_groups.o(.text) refers to port.o(.emb_text) for ulPortSetInterruptMask
    event_groups.o(.text) refers to tasks.o(.text) for vTaskSuspendAll
    event_groups.o(.text) refers to port.o(.text) for vPortYield
    queue.o(.text) refers to port.o(.emb_text) for ulPortSetInterruptMask
    queue.o(.text) refers to port.o(.text) for vPortEnterCritical
    queue.o(.text) refers to tasks.o(.text) for xTaskRemoveFromEventList
    queue.o(.text) refers to list.o(.text) for vListInitialise
    queue.o(.text) refers to heap_4.o(.text) for pvPortMalloc
    queue.o(.text) refers to memcpya.o(.text) for __aeabi_memcpy
    tasks.o(.text) refers to list.o(.text) for vListInitialise
    tasks.o(.text) refers to heap_4.o(.text) for pvPortMalloc
    tasks.o(.text) refers to port.o(.emb_text) for ulPortSetInterruptMask
    tasks.o(.text) refers to port.o(.text) for pxPortInitialiseStack
    tasks.o(.text) refers to tasks.o(.bss) for pxReadyTasksLists
    tasks.o(.text) refers to tasks.o(.data) for pxDelayedTaskList
    keytask.o(.text) refers to bsp_key.o(.text) for Key_Scan
    keytask.o(.text) refers to queue.o(.text) for xQueueGenericSend
    keytask.o(.text) refers to tasks.o(.text) for vTaskDelay
    keytask.o(.text) refers to bsp_key.o(.data) for Key_PU
    keytask.o(.text) refers to main.o(.data) for xQueue_uart
    ledtask.o(.text) refers to queue.o(.text) for xQueueGenericReceive
    ledtask.o(.text) refers to led.o(.text) for bsp_Led_Flash
    ledtask.o(.text) refers to tasks.o(.text) for vTaskDelay
    ledtask.o(.text) refers to main.o(.data) for xQueue_uart
    ledtask.o(.text) refers to led.o(.data) for LedA
    entry.o(.ARM.Collect$$$$00000000) refers (Special) to entry10a.o(.ARM.Collect$$$$0000000D) for __rt_final_cpp
    entry.o(.ARM.Collect$$$$00000000) refers (Special) to entry11a.o(.ARM.Collect$$$$0000000F) for __rt_final_exit
    entry.o(.ARM.Collect$$$$00000000) refers (Special) to entry7b.o(.ARM.Collect$$$$00000008) for _main_clock
    entry.o(.ARM.Collect$$$$00000000) refers (Special) to entry8b.o(.ARM.Collect$$$$0000000A) for _main_cpp_init
    entry.o(.ARM.Collect$$$$00000000) refers (Special) to entry9a.o(.ARM.Collect$$$$0000000B) for _main_init
    entry.o(.ARM.Collect$$$$00000000) refers (Special) to entry5.o(.ARM.Collect$$$$00000004) for _main_scatterload
    entry.o(.ARM.Collect$$$$00000000) refers (Special) to entry2.o(.ARM.Collect$$$$00000001) for _main_stk
    entry2.o(.ARM.Collect$$$$00000001) refers to entry2.o(.ARM.Collect$$$$00002712) for __lit__00000000
    entry2.o(.ARM.Collect$$$$00002712) refers to startup_stm32f10x_hd.o(STACK) for __initial_sp
    entry2.o(__vectab_stack_and_reset_area) refers to startup_stm32f10x_hd.o(STACK) for __initial_sp
    entry2.o(__vectab_stack_and_reset_area) refers to entry.o(.ARM.Collect$$$$00000000) for __main
    entry5.o(.ARM.Collect$$$$00000004) refers to init.o(.text) for __scatterload
    entry9a.o(.ARM.Collect$$$$0000000B) refers to main.o(.text) for main
    entry9b.o(.ARM.Collect$$$$0000000C) refers to main.o(.text) for main
    init.o(.text) refers to entry5.o(.ARM.Collect$$$$00000004) for __main_after_scatterload


==============================================================================

Removing Unused input sections from the image.

    Removing core_cm3.o(.emb_text), (32 bytes).
    Removing stm32f10x_adc.o(.text), (1102 bytes).
    Removing stm32f10x_bkp.o(.text), (196 bytes).
    Removing stm32f10x_can.o(.text), (2544 bytes).
    Removing stm32f10x_cec.o(.text), (288 bytes).
    Removing stm32f10x_crc.o(.text), (72 bytes).
    Removing stm32f10x_dac.o(.text), (396 bytes).
    Removing stm32f10x_dbgmcu.o(.text), (48 bytes).
    Removing stm32f10x_exti.o(.text), (284 bytes).
    Removing stm32f10x_flash.o(.text), (1468 bytes).
    Removing stm32f10x_fsmc.o(.text), (1548 bytes).
    Removing stm32f10x_i2c.o(.text), (1028 bytes).
    Removing stm32f10x_iwdg.o(.text), (108 bytes).
    Removing stm32f10x_pwr.o(.text), (204 bytes).
    Removing stm32f10x_rtc.o(.text), (328 bytes).
    Removing stm32f10x_sdio.o(.text), (468 bytes).
    Removing stm32f10x_spi.o(.text), (780 bytes).
    Removing stm32f10x_tim.o(.text), (3610 bytes).
    Removing stm32f10x_wwdg.o(.text), (136 bytes).
    Removing startup_stm32f10x_hd.o(HEAP), (1024 bytes).
    Removing sys.o(.emb_text), (12 bytes).
    Removing sys.o(.text), (700 bytes).
    Removing delay.o(.text), (176 bytes).
    Removing delay.o(.data), (4 bytes).
    Removing bsp_dwt_delay.o(.text), (124 bytes).
    Removing bsp_dwt_delay.o(.data), (4 bytes).
    Removing event_groups.o(.text), (850 bytes).

27 unused section(s) (total 17534 bytes) removed from the image.

==============================================================================

Image Symbol Table

    Local Symbols

    Symbol Name                              Value     Ov Type        Size  Object(Section)

    ../clib/microlib/init/entry.s            0x00000000   Number         0  entry9a.o ABSOLUTE
    ../clib/microlib/init/entry.s            0x00000000   Number         0  entry9b.o ABSOLUTE
    ../clib/microlib/init/entry.s            0x00000000   Number         0  entry8b.o ABSOLUTE
    ../clib/microlib/init/entry.s            0x00000000   Number         0  entry7b.o ABSOLUTE
    ../clib/microlib/init/entry.s            0x00000000   Number         0  entry11b.o ABSOLUTE
    ../clib/microlib/init/entry.s            0x00000000   Number         0  entry11a.o ABSOLUTE
    ../clib/microlib/init/entry.s            0x00000000   Number         0  entry10b.o ABSOLUTE
    ../clib/microlib/init/entry.s            0x00000000   Number         0  entry2.o ABSOLUTE
    ../clib/microlib/init/entry.s            0x00000000   Number         0  entry7a.o ABSOLUTE
    ../clib/microlib/init/entry.s            0x00000000   Number         0  entry10a.o ABSOLUTE
    ../clib/microlib/init/entry.s            0x00000000   Number         0  entry8a.o ABSOLUTE
    ../clib/microlib/init/entry.s            0x00000000   Number         0  entry.o ABSOLUTE
    ../clib/microlib/init/entry.s            0x00000000   Number         0  entry5.o ABSOLUTE
    ../clib/microlib/string/memcpy.c         0x00000000   Number         0  memcpyb.o ABSOLUTE
    ../clib/microlib/string/memcpy.c         0x00000000   Number         0  memcpya.o ABSOLUTE
    ..\Basic\BSP\bsp.c                       0x00000000   Number         0  bsp.o ABSOLUTE
    ..\Basic\CONFIG\config_param.c           0x00000000   Number         0  config_param.o ABSOLUTE
    ..\Basic\DWT\bsp_dwt_delay.c             0x00000000   Number         0  bsp_dwt_delay.o ABSOLUTE
    ..\Basic\KEY\bsp_key.c                   0x00000000   Number         0  bsp_key.o ABSOLUTE
    ..\Basic\LED\LED.C                       0x00000000   Number         0  led.o ABSOLUTE
    ..\Basic\SYSTICK\delay.c                 0x00000000   Number         0  delay.o ABSOLUTE
    ..\Basic\SYS\sys.c                       0x00000000   Number         0  sys.o ABSOLUTE
    ..\Basic\USART1\usart1.c                 0x00000000   Number         0  usart1.o ABSOLUTE
    ..\FreeRTOS\src\croutine.c               0x00000000   Number         0  croutine.o ABSOLUTE
    ..\FreeRTOS\src\event_groups.c           0x00000000   Number         0  event_groups.o ABSOLUTE
    ..\FreeRTOS\src\heap_4.c                 0x00000000   Number         0  heap_4.o ABSOLUTE
    ..\FreeRTOS\src\list.c                   0x00000000   Number         0  list.o ABSOLUTE
    ..\FreeRTOS\src\port.c                   0x00000000   Number         0  port.o ABSOLUTE
    ..\FreeRTOS\src\queue.c                  0x00000000   Number         0  queue.o ABSOLUTE
    ..\FreeRTOS\src\tasks.c                  0x00000000   Number         0  tasks.o ABSOLUTE
    ..\FreeRTOS\src\timers.c                 0x00000000   Number         0  timers.o ABSOLUTE
    ..\Libraries\CMSIS\core_cm3.c            0x00000000   Number         0  core_cm3.o ABSOLUTE
    ..\Libraries\CMSIS\startup\startup_stm32f10x_hd.s 0x00000000   Number         0  startup_stm32f10x_hd.o ABSOLUTE
    ..\Libraries\CMSIS\system_stm32f10x.c    0x00000000   Number         0  system_stm32f10x.o ABSOLUTE
    ..\Libraries\STM32F10x_StdPeriph_Driver\src\misc.c 0x00000000   Number         0  misc.o ABSOLUTE
    ..\Libraries\STM32F10x_StdPeriph_Driver\src\stm32f10x_adc.c 0x00000000   Number         0  stm32f10x_adc.o ABSOLUTE
    ..\Libraries\STM32F10x_StdPeriph_Driver\src\stm32f10x_bkp.c 0x00000000   Number         0  stm32f10x_bkp.o ABSOLUTE
    ..\Libraries\STM32F10x_StdPeriph_Driver\src\stm32f10x_can.c 0x00000000   Number         0  stm32f10x_can.o ABSOLUTE
    ..\Libraries\STM32F10x_StdPeriph_Driver\src\stm32f10x_cec.c 0x00000000   Number         0  stm32f10x_cec.o ABSOLUTE
    ..\Libraries\STM32F10x_StdPeriph_Driver\src\stm32f10x_crc.c 0x00000000   Number         0  stm32f10x_crc.o ABSOLUTE
    ..\Libraries\STM32F10x_StdPeriph_Driver\src\stm32f10x_dac.c 0x00000000   Number         0  stm32f10x_dac.o ABSOLUTE
    ..\Libraries\STM32F10x_StdPeriph_Driver\src\stm32f10x_dbgmcu.c 0x00000000   Number         0  stm32f10x_dbgmcu.o ABSOLUTE
    ..\Libraries\STM32F10x_StdPeriph_Driver\src\stm32f10x_dma.c 0x00000000   Number         0  stm32f10x_dma.o ABSOLUTE
    ..\Libraries\STM32F10x_StdPeriph_Driver\src\stm32f10x_exti.c 0x00000000   Number         0  stm32f10x_exti.o ABSOLUTE
    ..\Libraries\STM32F10x_StdPeriph_Driver\src\stm32f10x_flash.c 0x00000000   Number         0  stm32f10x_flash.o ABSOLUTE
    ..\Libraries\STM32F10x_StdPeriph_Driver\src\stm32f10x_fsmc.c 0x00000000   Number         0  stm32f10x_fsmc.o ABSOLUTE
    ..\Libraries\STM32F10x_StdPeriph_Driver\src\stm32f10x_gpio.c 0x00000000   Number         0  stm32f10x_gpio.o ABSOLUTE
    ..\Libraries\STM32F10x_StdPeriph_Driver\src\stm32f10x_i2c.c 0x00000000   Number         0  stm32f10x_i2c.o ABSOLUTE
    ..\Libraries\STM32F10x_StdPeriph_Driver\src\stm32f10x_iwdg.c 0x00000000   Number         0  stm32f10x_iwdg.o ABSOLUTE
    ..\Libraries\STM32F10x_StdPeriph_Driver\src\stm32f10x_pwr.c 0x00000000   Number         0  stm32f10x_pwr.o ABSOLUTE
    ..\Libraries\STM32F10x_StdPeriph_Driver\src\stm32f10x_rcc.c 0x00000000   Number         0  stm32f10x_rcc.o ABSOLUTE
    ..\Libraries\STM32F10x_StdPeriph_Driver\src\stm32f10x_rtc.c 0x00000000   Number         0  stm32f10x_rtc.o ABSOLUTE
    ..\Libraries\STM32F10x_StdPeriph_Driver\src\stm32f10x_sdio.c 0x00000000   Number         0  stm32f10x_sdio.o ABSOLUTE
    ..\Libraries\STM32F10x_StdPeriph_Driver\src\stm32f10x_spi.c 0x00000000   Number         0  stm32f10x_spi.o ABSOLUTE
    ..\Libraries\STM32F10x_StdPeriph_Driver\src\stm32f10x_tim.c 0x00000000   Number         0  stm32f10x_tim.o ABSOLUTE
    ..\Libraries\STM32F10x_StdPeriph_Driver\src\stm32f10x_usart.c 0x00000000   Number         0  stm32f10x_usart.o ABSOLUTE
    ..\Libraries\STM32F10x_StdPeriph_Driver\src\stm32f10x_wwdg.c 0x00000000   Number         0  stm32f10x_wwdg.o ABSOLUTE
    ..\TASK\src\KeyTask.c                    0x00000000   Number         0  keytask.o ABSOLUTE
    ..\TASK\src\LedTask.c                    0x00000000   Number         0  ledtask.o ABSOLUTE
    ..\Top\src\control.c                     0x00000000   Number         0  control.o ABSOLUTE
    ..\Top\src\gather.c                      0x00000000   Number         0  gather.o ABSOLUTE
    ..\User\main.c                           0x00000000   Number         0  main.o ABSOLUTE
    ..\User\stm32f10x_it.c                   0x00000000   Number         0  stm32f10x_it.o ABSOLUTE
    ..\\Basic\\SYS\\sys.c                    0x00000000   Number         0  sys.o ABSOLUTE
    ..\\FreeRTOS\\src\\port.c                0x00000000   Number         0  port.o ABSOLUTE
    ..\\Libraries\\CMSIS\\core_cm3.c         0x00000000   Number         0  core_cm3.o ABSOLUTE
    dc.s                                     0x00000000   Number         0  dc.o ABSOLUTE
    handlers.s                               0x00000000   Number         0  handlers.o ABSOLUTE
    init.s                                   0x00000000   Number         0  init.o ABSOLUTE
    RESET                                    0x08000000   Section      304  startup_stm32f10x_hd.o(RESET)
    .ARM.Collect$$$$00000000                 0x08000130   Section        0  entry.o(.ARM.Collect$$$$00000000)
    .ARM.Collect$$$$00000001                 0x08000130   Section        4  entry2.o(.ARM.Collect$$$$00000001)
    .ARM.Collect$$$$00000004                 0x08000134   Section        4  entry5.o(.ARM.Collect$$$$00000004)
    .ARM.Collect$$$$00000008                 0x08000138   Section        0  entry7b.o(.ARM.Collect$$$$00000008)
    .ARM.Collect$$$$0000000A                 0x08000138   Section        0  entry8b.o(.ARM.Collect$$$$0000000A)
    .ARM.Collect$$$$0000000B                 0x08000138   Section        8  entry9a.o(.ARM.Collect$$$$0000000B)
    .ARM.Collect$$$$0000000D                 0x08000140   Section        0  entry10a.o(.ARM.Collect$$$$0000000D)
    .ARM.Collect$$$$0000000F                 0x08000140   Section        0  entry11a.o(.ARM.Collect$$$$0000000F)
    .ARM.Collect$$$$00002712                 0x08000140   Section        4  entry2.o(.ARM.Collect$$$$00002712)
    __lit__00000000                          0x08000140   Data           4  entry2.o(.ARM.Collect$$$$00002712)
    .emb_text                                0x08000144   Section      162  port.o(.emb_text)
    .text                                    0x080001e8   Section        0  system_stm32f10x.o(.text)
    SetSysClockTo72                          0x080001e9   Thumb Code   214  system_stm32f10x.o(.text)
    SetSysClock                              0x080002bf   Thumb Code     8  system_stm32f10x.o(.text)
    .text                                    0x080003c8   Section        0  misc.o(.text)
    .text                                    0x080004a4   Section        0  stm32f10x_dma.o(.text)
    .text                                    0x080006f8   Section        0  stm32f10x_gpio.o(.text)
    .text                                    0x08000a54   Section        0  stm32f10x_rcc.o(.text)
    .text                                    0x08000df8   Section        0  stm32f10x_usart.o(.text)
    .text                                    0x08001200   Section       36  startup_stm32f10x_hd.o(.text)
    .text                                    0x08001224   Section        0  stm32f10x_it.o(.text)
    .text                                    0x08001238   Section        0  main.o(.text)
    AppObjCreate                             0x08001239   Thumb Code    42  main.o(.text)
    AppTaskCreate                            0x08001263   Thumb Code    60  main.o(.text)
    .text                                    0x0800130c   Section        0  led.o(.text)
    led_init                                 0x0800130d   Thumb Code    42  led.o(.text)
    .text                                    0x080013cc   Section        0  bsp.o(.text)
    .text                                    0x080013e8   Section        0  bsp_key.o(.text)
    key_config                               0x080013e9   Thumb Code    36  bsp_key.o(.text)
    .text                                    0x080014e4   Section        0  usart1.o(.text)
    NVIC_Configuration                       0x080014e5   Thumb Code    64  usart1.o(.text)
    .text                                    0x080017d4   Section        0  heap_4.o(.text)
    prvInsertBlockIntoFreeList               0x080017d5   Thumb Code    96  heap_4.o(.text)
    prvHeapInit                              0x08001835   Thumb Code    98  heap_4.o(.text)
    .text                                    0x08001a2c   Section        0  port.o(.text)
    prvTaskExitError                         0x08001a2d   Thumb Code    32  port.o(.text)
    .text                                    0x08001c20   Section        0  list.o(.text)
    .text                                    0x08001cb4   Section        0  queue.o(.text)
    prvUnlockQueue                           0x08001d93   Thumb Code   126  queue.o(.text)
    prvIsQueueFull                           0x08001e11   Thumb Code    30  queue.o(.text)
    prvCopyDataToQueue                       0x08001e2f   Thumb Code   110  queue.o(.text)
    prvIsQueueEmpty                          0x08002105   Thumb Code    26  queue.o(.text)
    prvCopyDataFromQueue                     0x0800211f   Thumb Code    42  queue.o(.text)
    .text                                    0x08002408   Section        0  tasks.o(.text)
    prvInitialiseTaskLists                   0x08002409   Thumb Code    70  tasks.o(.text)
    prvInitialiseTCBVariables                0x0800244f   Thumb Code    92  tasks.o(.text)
    prvAllocateTCBAndStack                   0x080024ab   Thumb Code    54  tasks.o(.text)
    prvResetNextTaskUnblockTime              0x080025fb   Thumb Code    42  tasks.o(.text)
    prvAddCurrentTaskToDelayedList           0x080028ef   Thumb Code    62  tasks.o(.text)
    prvTaskIsTaskSuspended                   0x08002cb9   Thumb Code    68  tasks.o(.text)
    prvDeleteTCB                             0x08002de3   Thumb Code    18  tasks.o(.text)
    prvCheckTasksWaitingTermination          0x08002df5   Thumb Code    86  tasks.o(.text)
    prvIdleTask                              0x08002e4b   Thumb Code    20  tasks.o(.text)
    .text                                    0x080035b8   Section        0  keytask.o(.text)
    .text                                    0x080035f4   Section        0  ledtask.o(.text)
    .text                                    0x08003624   Section        0  memcpya.o(.text)
    .text                                    0x08003648   Section       36  init.o(.text)
    i.__scatterload_copy                     0x0800366c   Section       14  handlers.o(i.__scatterload_copy)
    i.__scatterload_null                     0x0800367a   Section        2  handlers.o(i.__scatterload_null)
    i.__scatterload_zeroinit                 0x0800367c   Section       14  handlers.o(i.__scatterload_zeroinit)
    .data                                    0x20000000   Section       20  system_stm32f10x.o(.data)
    .data                                    0x20000014   Section       20  stm32f10x_rcc.o(.data)
    APBAHBPrescTable                         0x20000014   Data          16  stm32f10x_rcc.o(.data)
    ADCPrescTable                            0x20000024   Data           4  stm32f10x_rcc.o(.data)
    .data                                    0x20000028   Section       12  main.o(.data)
    xHandleTaskLed1                          0x20000028   Data           4  main.o(.data)
    xHandleTaskKey                           0x2000002c   Data           4  main.o(.data)
    .data                                    0x20000034   Section       96  led.o(.data)
    .data                                    0x20000094   Section       44  bsp_key.o(.data)
    .data                                    0x200000c0   Section        2  usart1.o(.data)
    num                                      0x200000c0   Data           1  usart1.o(.data)
    index                                    0x200000c1   Data           1  usart1.o(.data)
    .data                                    0x200000c4   Section       24  heap_4.o(.data)
    xStart                                   0x200000c4   Data           8  heap_4.o(.data)
    pxEnd                                    0x200000cc   Data           4  heap_4.o(.data)
    xFreeBytesRemaining                      0x200000d0   Data           4  heap_4.o(.data)
    xMinimumEverFreeBytesRemaining           0x200000d4   Data           4  heap_4.o(.data)
    xBlockAllocatedBit                       0x200000d8   Data           4  heap_4.o(.data)
    .data                                    0x200000dc   Section       12  port.o(.data)
    uxCriticalNesting                        0x200000dc   Data           4  port.o(.data)
    ucMaxSysCallPriority                     0x200000e0   Data           1  port.o(.data)
    ulMaxPRIGROUPValue                       0x200000e4   Data           4  port.o(.data)
    .data                                    0x200000e8   Section       56  tasks.o(.data)
    pxDelayedTaskList                        0x200000ec   Data           4  tasks.o(.data)
    pxOverflowDelayedTaskList                0x200000f0   Data           4  tasks.o(.data)
    uxTasksDeleted                           0x200000f4   Data           4  tasks.o(.data)
    uxCurrentNumberOfTasks                   0x200000f8   Data           4  tasks.o(.data)
    xTickCount                               0x200000fc   Data           4  tasks.o(.data)
    uxTopReadyPriority                       0x20000100   Data           4  tasks.o(.data)
    xSchedulerRunning                        0x20000104   Data           4  tasks.o(.data)
    uxPendedTicks                            0x20000108   Data           4  tasks.o(.data)
    xYieldPending                            0x2000010c   Data           4  tasks.o(.data)
    xNumOfOverflows                          0x20000110   Data           4  tasks.o(.data)
    uxTaskNumber                             0x20000114   Data           4  tasks.o(.data)
    xNextTaskUnblockTime                     0x20000118   Data           4  tasks.o(.data)
    uxSchedulerSuspended                     0x2000011c   Data           4  tasks.o(.data)
    .bss                                     0x20000120   Section      160  usart1.o(.bss)
    .bss                                     0x200001c0   Section    12288  heap_4.o(.bss)
    ucHeap                                   0x200001c0   Data       12288  heap_4.o(.bss)
    .bss                                     0x200031c0   Section      700  tasks.o(.bss)
    pxReadyTasksLists                        0x200031c0   Data         600  tasks.o(.bss)
    xDelayedTaskList1                        0x20003418   Data          20  tasks.o(.bss)
    xDelayedTaskList2                        0x2000342c   Data          20  tasks.o(.bss)
    xPendingReadyList                        0x20003440   Data          20  tasks.o(.bss)
    xTasksWaitingTermination                 0x20003454   Data          20  tasks.o(.bss)
    xSuspendedTaskList                       0x20003468   Data          20  tasks.o(.bss)
    STACK                                    0x20003480   Section     2048  startup_stm32f10x_hd.o(STACK)

    Global Symbols

    Symbol Name                              Value     Ov Type        Size  Object(Section)

    BuildAttributes$$THM_ISAv4$P$D$K$B$S$PE$A:L22UL41UL21$X:L11$S22US41US21$IEEE1$IW$USESV6$~STKCKD$USESV7$~SHL$OSPACE$EBA8$MICROLIB$REQ8$PRES8$EABIv2 0x00000000   Number         0  anon$$obj.o ABSOLUTE
    __ARM_use_no_argv                        0x00000000   Number         0  main.o ABSOLUTE
    __cpp_initialize__aeabi_                  - Undefined Weak Reference
    __cxa_finalize                            - Undefined Weak Reference
    __decompress                              - Undefined Weak Reference
    _clock_init                               - Undefined Weak Reference
    _microlib_exit                            - Undefined Weak Reference
    __Vectors_Size                           0x00000130   Number         0  startup_stm32f10x_hd.o ABSOLUTE
    __Vectors                                0x08000000   Data           4  startup_stm32f10x_hd.o(RESET)
    __Vectors_End                            0x08000130   Data           0  startup_stm32f10x_hd.o(RESET)
    __main                                   0x08000131   Thumb Code     0  entry.o(.ARM.Collect$$$$00000000)
    _main_stk                                0x08000131   Thumb Code     0  entry2.o(.ARM.Collect$$$$00000001)
    _main_scatterload                        0x08000135   Thumb Code     0  entry5.o(.ARM.Collect$$$$00000004)
    __main_after_scatterload                 0x08000139   Thumb Code     0  entry5.o(.ARM.Collect$$$$00000004)
    _main_clock                              0x08000139   Thumb Code     0  entry7b.o(.ARM.Collect$$$$00000008)
    _main_cpp_init                           0x08000139   Thumb Code     0  entry8b.o(.ARM.Collect$$$$0000000A)
    _main_init                               0x08000139   Thumb Code     0  entry9a.o(.ARM.Collect$$$$0000000B)
    __rt_final_cpp                           0x08000141   Thumb Code     0  entry10a.o(.ARM.Collect$$$$0000000D)
    __rt_final_exit                          0x08000141   Thumb Code     0  entry11a.o(.ARM.Collect$$$$0000000F)
    SVC_Handler                              0x08000145   Thumb Code    32  port.o(.emb_text)
    __asm___6_port_c_39a90d8d__prvStartFirstTask 0x08000169   Thumb Code    28  port.o(.emb_text)
    PendSV_Handler                           0x08000189   Thumb Code    64  port.o(.emb_text)
    ulPortSetInterruptMask                   0x080001cd   Thumb Code    14  port.o(.emb_text)
    vPortClearInterruptMask                  0x080001db   Thumb Code     6  port.o(.emb_text)
    vPortGetIPSR                             0x080001e1   Thumb Code     6  port.o(.emb_text)
    SystemInit                               0x080002c7   Thumb Code    78  system_stm32f10x.o(.text)
    SystemCoreClockUpdate                    0x08000315   Thumb Code   142  system_stm32f10x.o(.text)
    NVIC_PriorityGroupConfig                 0x080003c9   Thumb Code    10  misc.o(.text)
    NVIC_Init                                0x080003d3   Thumb Code   100  misc.o(.text)
    NVIC_SetVectorTable                      0x08000437   Thumb Code    14  misc.o(.text)
    NVIC_SystemLPConfig                      0x08000445   Thumb Code    34  misc.o(.text)
    SysTick_CLKSourceConfig                  0x08000467   Thumb Code    40  misc.o(.text)
    DMA_DeInit                               0x080004a5   Thumb Code   324  stm32f10x_dma.o(.text)
    DMA_Init                                 0x080005e9   Thumb Code    60  stm32f10x_dma.o(.text)
    DMA_StructInit                           0x08000625   Thumb Code    26  stm32f10x_dma.o(.text)
    DMA_Cmd                                  0x0800063f   Thumb Code    24  stm32f10x_dma.o(.text)
    DMA_ITConfig                             0x08000657   Thumb Code    18  stm32f10x_dma.o(.text)
    DMA_SetCurrDataCounter                   0x08000669   Thumb Code     4  stm32f10x_dma.o(.text)
    DMA_GetCurrDataCounter                   0x0800066d   Thumb Code     8  stm32f10x_dma.o(.text)
    DMA_GetFlagStatus                        0x08000675   Thumb Code    40  stm32f10x_dma.o(.text)
    DMA_ClearFlag                            0x0800069d   Thumb Code    22  stm32f10x_dma.o(.text)
    DMA_GetITStatus                          0x080006b3   Thumb Code    40  stm32f10x_dma.o(.text)
    DMA_ClearITPendingBit                    0x080006db   Thumb Code    22  stm32f10x_dma.o(.text)
    GPIO_DeInit                              0x080006f9   Thumb Code   172  stm32f10x_gpio.o(.text)
    GPIO_AFIODeInit                          0x080007a5   Thumb Code    20  stm32f10x_gpio.o(.text)
    GPIO_Init                                0x080007b9   Thumb Code   278  stm32f10x_gpio.o(.text)
    GPIO_StructInit                          0x080008cf   Thumb Code    16  stm32f10x_gpio.o(.text)
    GPIO_ReadInputDataBit                    0x080008df   Thumb Code    18  stm32f10x_gpio.o(.text)
    GPIO_ReadInputData                       0x080008f1   Thumb Code     8  stm32f10x_gpio.o(.text)
    GPIO_ReadOutputDataBit                   0x080008f9   Thumb Code    18  stm32f10x_gpio.o(.text)
    GPIO_ReadOutputData                      0x0800090b   Thumb Code     8  stm32f10x_gpio.o(.text)
    GPIO_SetBits                             0x08000913   Thumb Code     4  stm32f10x_gpio.o(.text)
    GPIO_ResetBits                           0x08000917   Thumb Code     4  stm32f10x_gpio.o(.text)
    GPIO_WriteBit                            0x0800091b   Thumb Code    10  stm32f10x_gpio.o(.text)
    GPIO_Write                               0x08000925   Thumb Code     4  stm32f10x_gpio.o(.text)
    GPIO_PinLockConfig                       0x08000929   Thumb Code    18  stm32f10x_gpio.o(.text)
    GPIO_EventOutputConfig                   0x0800093b   Thumb Code    26  stm32f10x_gpio.o(.text)
    GPIO_EventOutputCmd                      0x08000955   Thumb Code     6  stm32f10x_gpio.o(.text)
    GPIO_PinRemapConfig                      0x0800095b   Thumb Code   138  stm32f10x_gpio.o(.text)
    GPIO_EXTILineConfig                      0x080009e5   Thumb Code    66  stm32f10x_gpio.o(.text)
    GPIO_ETH_MediaInterfaceConfig            0x08000a27   Thumb Code     8  stm32f10x_gpio.o(.text)
    RCC_DeInit                               0x08000a55   Thumb Code    64  stm32f10x_rcc.o(.text)
    RCC_HSEConfig                            0x08000a95   Thumb Code    70  stm32f10x_rcc.o(.text)
    RCC_GetFlagStatus                        0x08000adb   Thumb Code    56  stm32f10x_rcc.o(.text)
    RCC_WaitForHSEStartUp                    0x08000b13   Thumb Code    56  stm32f10x_rcc.o(.text)
    RCC_AdjustHSICalibrationValue            0x08000b4b   Thumb Code    20  stm32f10x_rcc.o(.text)
    RCC_HSICmd                               0x08000b5f   Thumb Code     6  stm32f10x_rcc.o(.text)
    RCC_PLLConfig                            0x08000b65   Thumb Code    24  stm32f10x_rcc.o(.text)
    RCC_PLLCmd                               0x08000b7d   Thumb Code     6  stm32f10x_rcc.o(.text)
    RCC_SYSCLKConfig                         0x08000b83   Thumb Code    18  stm32f10x_rcc.o(.text)
    RCC_GetSYSCLKSource                      0x08000b95   Thumb Code    10  stm32f10x_rcc.o(.text)
    RCC_HCLKConfig                           0x08000b9f   Thumb Code    18  stm32f10x_rcc.o(.text)
    RCC_PCLK1Config                          0x08000bb1   Thumb Code    18  stm32f10x_rcc.o(.text)
    RCC_PCLK2Config                          0x08000bc3   Thumb Code    20  stm32f10x_rcc.o(.text)
    RCC_ITConfig                             0x08000bd7   Thumb Code    26  stm32f10x_rcc.o(.text)
    RCC_USBCLKConfig                         0x08000bf1   Thumb Code     8  stm32f10x_rcc.o(.text)
    RCC_ADCCLKConfig                         0x08000bf9   Thumb Code    18  stm32f10x_rcc.o(.text)
    RCC_LSEConfig                            0x08000c0b   Thumb Code    50  stm32f10x_rcc.o(.text)
    RCC_LSICmd                               0x08000c3d   Thumb Code     6  stm32f10x_rcc.o(.text)
    RCC_RTCCLKConfig                         0x08000c43   Thumb Code    12  stm32f10x_rcc.o(.text)
    RCC_RTCCLKCmd                            0x08000c4f   Thumb Code     8  stm32f10x_rcc.o(.text)
    RCC_GetClocksFreq                        0x08000c57   Thumb Code   192  stm32f10x_rcc.o(.text)
    RCC_AHBPeriphClockCmd                    0x08000d17   Thumb Code    26  stm32f10x_rcc.o(.text)
    RCC_APB2PeriphClockCmd                   0x08000d31   Thumb Code    26  stm32f10x_rcc.o(.text)
    RCC_APB1PeriphClockCmd                   0x08000d4b   Thumb Code    26  stm32f10x_rcc.o(.text)
    RCC_APB2PeriphResetCmd                   0x08000d65   Thumb Code    26  stm32f10x_rcc.o(.text)
    RCC_APB1PeriphResetCmd                   0x08000d7f   Thumb Code    26  stm32f10x_rcc.o(.text)
    RCC_BackupResetCmd                       0x08000d99   Thumb Code     8  stm32f10x_rcc.o(.text)
    RCC_ClockSecuritySystemCmd               0x08000da1   Thumb Code     6  stm32f10x_rcc.o(.text)
    RCC_MCOConfig                            0x08000da7   Thumb Code     6  stm32f10x_rcc.o(.text)
    RCC_ClearFlag                            0x08000dad   Thumb Code    14  stm32f10x_rcc.o(.text)
    RCC_GetITStatus                          0x08000dbb   Thumb Code    20  stm32f10x_rcc.o(.text)
    RCC_ClearITPendingBit                    0x08000dcf   Thumb Code     6  stm32f10x_rcc.o(.text)
    USART_DeInit                             0x08000df9   Thumb Code   134  stm32f10x_usart.o(.text)
    USART_Init                               0x08000e7f   Thumb Code   210  stm32f10x_usart.o(.text)
    USART_StructInit                         0x08000f51   Thumb Code    24  stm32f10x_usart.o(.text)
    USART_ClockInit                          0x08000f69   Thumb Code    34  stm32f10x_usart.o(.text)
    USART_ClockStructInit                    0x08000f8b   Thumb Code    12  stm32f10x_usart.o(.text)
    USART_Cmd                                0x08000f97   Thumb Code    24  stm32f10x_usart.o(.text)
    USART_ITConfig                           0x08000faf   Thumb Code    74  stm32f10x_usart.o(.text)
    USART_DMACmd                             0x08000ff9   Thumb Code    18  stm32f10x_usart.o(.text)
    USART_SetAddress                         0x0800100b   Thumb Code    18  stm32f10x_usart.o(.text)
    USART_WakeUpConfig                       0x0800101d   Thumb Code    18  stm32f10x_usart.o(.text)
    USART_ReceiverWakeUpCmd                  0x0800102f   Thumb Code    24  stm32f10x_usart.o(.text)
    USART_LINBreakDetectLengthConfig         0x08001047   Thumb Code    18  stm32f10x_usart.o(.text)
    USART_LINCmd                             0x08001059   Thumb Code    24  stm32f10x_usart.o(.text)
    USART_SendData                           0x08001071   Thumb Code     8  stm32f10x_usart.o(.text)
    USART_ReceiveData                        0x08001079   Thumb Code    10  stm32f10x_usart.o(.text)
    USART_SendBreak                          0x08001083   Thumb Code    10  stm32f10x_usart.o(.text)
    USART_SetGuardTime                       0x0800108d   Thumb Code    16  stm32f10x_usart.o(.text)
    USART_SetPrescaler                       0x0800109d   Thumb Code    16  stm32f10x_usart.o(.text)
    USART_SmartCardCmd                       0x080010ad   Thumb Code    24  stm32f10x_usart.o(.text)
    USART_SmartCardNACKCmd                   0x080010c5   Thumb Code    24  stm32f10x_usart.o(.text)
    USART_HalfDuplexCmd                      0x080010dd   Thumb Code    24  stm32f10x_usart.o(.text)
    USART_OverSampling8Cmd                   0x080010f5   Thumb Code    22  stm32f10x_usart.o(.text)
    USART_OneBitMethodCmd                    0x0800110b   Thumb Code    24  stm32f10x_usart.o(.text)
    USART_IrDAConfig                         0x08001123   Thumb Code    18  stm32f10x_usart.o(.text)
    USART_IrDACmd                            0x08001135   Thumb Code    24  stm32f10x_usart.o(.text)
    USART_GetFlagStatus                      0x0800114d   Thumb Code    26  stm32f10x_usart.o(.text)
    USART_ClearFlag                          0x08001167   Thumb Code    18  stm32f10x_usart.o(.text)
    USART_GetITStatus                        0x08001179   Thumb Code    84  stm32f10x_usart.o(.text)
    USART_ClearITPendingBit                  0x080011cd   Thumb Code    52  stm32f10x_usart.o(.text)
    Reset_Handler                            0x08001201   Thumb Code     8  startup_stm32f10x_hd.o(.text)
    ADC1_2_IRQHandler                        0x0800121b   Thumb Code     0  startup_stm32f10x_hd.o(.text)
    ADC3_IRQHandler                          0x0800121b   Thumb Code     0  startup_stm32f10x_hd.o(.text)
    CAN1_RX1_IRQHandler                      0x0800121b   Thumb Code     0  startup_stm32f10x_hd.o(.text)
    CAN1_SCE_IRQHandler                      0x0800121b   Thumb Code     0  startup_stm32f10x_hd.o(.text)
    DMA1_Channel1_IRQHandler                 0x0800121b   Thumb Code     0  startup_stm32f10x_hd.o(.text)
    DMA1_Channel2_IRQHandler                 0x0800121b   Thumb Code     0  startup_stm32f10x_hd.o(.text)
    DMA1_Channel3_IRQHandler                 0x0800121b   Thumb Code     0  startup_stm32f10x_hd.o(.text)
    DMA1_Channel5_IRQHandler                 0x0800121b   Thumb Code     0  startup_stm32f10x_hd.o(.text)
    DMA1_Channel6_IRQHandler                 0x0800121b   Thumb Code     0  startup_stm32f10x_hd.o(.text)
    DMA1_Channel7_IRQHandler                 0x0800121b   Thumb Code     0  startup_stm32f10x_hd.o(.text)
    DMA2_Channel1_IRQHandler                 0x0800121b   Thumb Code     0  startup_stm32f10x_hd.o(.text)
    DMA2_Channel2_IRQHandler                 0x0800121b   Thumb Code     0  startup_stm32f10x_hd.o(.text)
    DMA2_Channel3_IRQHandler                 0x0800121b   Thumb Code     0  startup_stm32f10x_hd.o(.text)
    DMA2_Channel4_5_IRQHandler               0x0800121b   Thumb Code     0  startup_stm32f10x_hd.o(.text)
    EXTI0_IRQHandler                         0x0800121b   Thumb Code     0  startup_stm32f10x_hd.o(.text)
    EXTI15_10_IRQHandler                     0x0800121b   Thumb Code     0  startup_stm32f10x_hd.o(.text)
    EXTI1_IRQHandler                         0x0800121b   Thumb Code     0  startup_stm32f10x_hd.o(.text)
    EXTI2_IRQHandler                         0x0800121b   Thumb Code     0  startup_stm32f10x_hd.o(.text)
    EXTI3_IRQHandler                         0x0800121b   Thumb Code     0  startup_stm32f10x_hd.o(.text)
    EXTI4_IRQHandler                         0x0800121b   Thumb Code     0  startup_stm32f10x_hd.o(.text)
    EXTI9_5_IRQHandler                       0x0800121b   Thumb Code     0  startup_stm32f10x_hd.o(.text)
    FLASH_IRQHandler                         0x0800121b   Thumb Code     0  startup_stm32f10x_hd.o(.text)
    FSMC_IRQHandler                          0x0800121b   Thumb Code     0  startup_stm32f10x_hd.o(.text)
    I2C1_ER_IRQHandler                       0x0800121b   Thumb Code     0  startup_stm32f10x_hd.o(.text)
    I2C1_EV_IRQHandler                       0x0800121b   Thumb Code     0  startup_stm32f10x_hd.o(.text)
    I2C2_ER_IRQHandler                       0x0800121b   Thumb Code     0  startup_stm32f10x_hd.o(.text)
    I2C2_EV_IRQHandler                       0x0800121b   Thumb Code     0  startup_stm32f10x_hd.o(.text)
    PVD_IRQHandler                           0x0800121b   Thumb Code     0  startup_stm32f10x_hd.o(.text)
    RCC_IRQHandler                           0x0800121b   Thumb Code     0  startup_stm32f10x_hd.o(.text)
    RTCAlarm_IRQHandler                      0x0800121b   Thumb Code     0  startup_stm32f10x_hd.o(.text)
    RTC_IRQHandler                           0x0800121b   Thumb Code     0  startup_stm32f10x_hd.o(.text)
    SDIO_IRQHandler                          0x0800121b   Thumb Code     0  startup_stm32f10x_hd.o(.text)
    SPI1_IRQHandler                          0x0800121b   Thumb Code     0  startup_stm32f10x_hd.o(.text)
    SPI2_IRQHandler                          0x0800121b   Thumb Code     0  startup_stm32f10x_hd.o(.text)
    SPI3_IRQHandler                          0x0800121b   Thumb Code     0  startup_stm32f10x_hd.o(.text)
    TAMPER_IRQHandler                        0x0800121b   Thumb Code     0  startup_stm32f10x_hd.o(.text)
    TIM1_BRK_IRQHandler                      0x0800121b   Thumb Code     0  startup_stm32f10x_hd.o(.text)
    TIM1_CC_IRQHandler                       0x0800121b   Thumb Code     0  startup_stm32f10x_hd.o(.text)
    TIM1_TRG_COM_IRQHandler                  0x0800121b   Thumb Code     0  startup_stm32f10x_hd.o(.text)
    TIM1_UP_IRQHandler                       0x0800121b   Thumb Code     0  startup_stm32f10x_hd.o(.text)
    TIM2_IRQHandler                          0x0800121b   Thumb Code     0  startup_stm32f10x_hd.o(.text)
    TIM3_IRQHandler                          0x0800121b   Thumb Code     0  startup_stm32f10x_hd.o(.text)
    TIM4_IRQHandler                          0x0800121b   Thumb Code     0  startup_stm32f10x_hd.o(.text)
    TIM5_IRQHandler                          0x0800121b   Thumb Code     0  startup_stm32f10x_hd.o(.text)
    TIM6_IRQHandler                          0x0800121b   Thumb Code     0  startup_stm32f10x_hd.o(.text)
    TIM7_IRQHandler                          0x0800121b   Thumb Code     0  startup_stm32f10x_hd.o(.text)
    TIM8_BRK_IRQHandler                      0x0800121b   Thumb Code     0  startup_stm32f10x_hd.o(.text)
    TIM8_CC_IRQHandler                       0x0800121b   Thumb Code     0  startup_stm32f10x_hd.o(.text)
    TIM8_TRG_COM_IRQHandler                  0x0800121b   Thumb Code     0  startup_stm32f10x_hd.o(.text)
    TIM8_UP_IRQHandler                       0x0800121b   Thumb Code     0  startup_stm32f10x_hd.o(.text)
    UART4_IRQHandler                         0x0800121b   Thumb Code     0  startup_stm32f10x_hd.o(.text)
    UART5_IRQHandler                         0x0800121b   Thumb Code     0  startup_stm32f10x_hd.o(.text)
    USART2_IRQHandler                        0x0800121b   Thumb Code     0  startup_stm32f10x_hd.o(.text)
    USART3_IRQHandler                        0x0800121b   Thumb Code     0  startup_stm32f10x_hd.o(.text)
    USBWakeUp_IRQHandler                     0x0800121b   Thumb Code     0  startup_stm32f10x_hd.o(.text)
    USB_HP_CAN1_TX_IRQHandler                0x0800121b   Thumb Code     0  startup_stm32f10x_hd.o(.text)
    USB_LP_CAN1_RX0_IRQHandler               0x0800121b   Thumb Code     0  startup_stm32f10x_hd.o(.text)
    WWDG_IRQHandler                          0x0800121b   Thumb Code     0  startup_stm32f10x_hd.o(.text)
    NMI_Handler                              0x08001225   Thumb Code     2  stm32f10x_it.o(.text)
    HardFault_Handler                        0x08001227   Thumb Code     4  stm32f10x_it.o(.text)
    MemManage_Handler                        0x0800122b   Thumb Code     4  stm32f10x_it.o(.text)
    BusFault_Handler                         0x0800122f   Thumb Code     4  stm32f10x_it.o(.text)
    UsageFault_Handler                       0x08001233   Thumb Code     4  stm32f10x_it.o(.text)
    DebugMon_Handler                         0x08001237   Thumb Code     2  stm32f10x_it.o(.text)
    main                                     0x0800129f   Thumb Code    28  main.o(.text)
    bsp_LED_Init                             0x08001337   Thumb Code    84  led.o(.text)
    bsp_Led_Flash                            0x0800138b   Thumb Code    50  led.o(.text)
    bsp_Init                                 0x080013cd   Thumb Code    26  bsp.o(.text)
    bsp_KEY_Init                             0x0800140d   Thumb Code    16  bsp_key.o(.text)
    Key_Scan                                 0x0800141d   Thumb Code   188  bsp_key.o(.text)
    USART1_DMA_Config                        0x08001525   Thumb Code   194  usart1.o(.text)
    USART1_Config                            0x080015e7   Thumb Code   174  usart1.o(.text)
    Uart1_Start_DMA_Tx                       0x08001695   Thumb Code    20  usart1.o(.text)
    DMA1_Channel4_IRQHandler                 0x080016a9   Thumb Code    30  usart1.o(.text)
    USART1_IRQHandler                        0x080016c7   Thumb Code   114  usart1.o(.text)
    Usart_SendByte                           0x08001739   Thumb Code    30  usart1.o(.text)
    Usart_SendString                         0x08001757   Thumb Code    42  usart1.o(.text)
    Usartx_SendHalfWord                      0x08001781   Thumb Code    60  usart1.o(.text)
    pvPortMalloc                             0x08001897   Thumb Code   254  heap_4.o(.text)
    vPortFree                                0x08001995   Thumb Code   112  heap_4.o(.text)
    xPortGetFreeHeapSize                     0x08001a05   Thumb Code     6  heap_4.o(.text)
    xPortGetMinimumEverFreeHeapSize          0x08001a0b   Thumb Code     6  heap_4.o(.text)
    vPortInitialiseBlocks                    0x08001a11   Thumb Code     2  heap_4.o(.text)
    pxPortInitialiseStack                    0x08001a4d   Thumb Code    26  port.o(.text)
    vPortSetupTimerInterrupt                 0x08001a67   Thumb Code    14  port.o(.text)
    xPortStartScheduler                      0x08001a75   Thumb Code   140  port.o(.text)
    vPortEndScheduler                        0x08001b01   Thumb Code    30  port.o(.text)
    vPortYield                               0x08001b1f   Thumb Code    20  port.o(.text)
    vPortEnterCritical                       0x08001b33   Thumb Code    60  port.o(.text)
    vPortExitCritical                        0x08001b6f   Thumb Code    40  port.o(.text)
    SysTick_Handler                          0x08001b97   Thumb Code    30  port.o(.text)
    vPortValidateInterruptPriority           0x08001bb5   Thumb Code    80  port.o(.text)
    vListInitialise                          0x08001c21   Thumb Code    26  list.o(.text)
    vListInitialiseItem                      0x08001c3b   Thumb Code     6  list.o(.text)
    vListInsertEnd                           0x08001c41   Thumb Code    24  list.o(.text)
    vListInsert                              0x08001c59   Thumb Code    52  list.o(.text)
    uxListRemove                             0x08001c8d   Thumb Code    40  list.o(.text)
    xQueueGenericReset                       0x08001cb5   Thumb Code   120  queue.o(.text)
    xQueueGenericCreate                      0x08001d2d   Thumb Code   102  queue.o(.text)
    xQueueGenericSend                        0x08001e9d   Thumb Code   296  queue.o(.text)
    xQueueGenericSendFromISR                 0x08001fc5   Thumb Code   172  queue.o(.text)
    xQueueGiveFromISR                        0x08002071   Thumb Code   148  queue.o(.text)
    xQueueGenericReceive                     0x08002149   Thumb Code   290  queue.o(.text)
    xQueueReceiveFromISR                     0x0800226b   Thumb Code   136  queue.o(.text)
    xQueuePeekFromISR                        0x080022f3   Thumb Code   110  queue.o(.text)
    uxQueueMessagesWaiting                   0x08002361   Thumb Code    28  queue.o(.text)
    uxQueueSpacesAvailable                   0x0800237d   Thumb Code    34  queue.o(.text)
    uxQueueMessagesWaitingFromISR            0x0800239f   Thumb Code    20  queue.o(.text)
    vQueueDelete                             0x080023b3   Thumb Code    24  queue.o(.text)
    xQueueIsQueueEmptyFromISR                0x080023cb   Thumb Code    28  queue.o(.text)
    xQueueIsQueueFullFromISR                 0x080023e7   Thumb Code    32  queue.o(.text)
    xTaskGenericCreate                       0x080024e1   Thumb Code   282  tasks.o(.text)
    vTaskDelete                              0x08002625   Thumb Code   160  tasks.o(.text)
    xTaskIncrementTick                       0x080026c5   Thumb Code   272  tasks.o(.text)
    xTaskResumeAll                           0x080027d5   Thumb Code   282  tasks.o(.text)
    vTaskSuspendAll                          0x0800292d   Thumb Code    12  tasks.o(.text)
    vTaskDelayUntil                          0x08002939   Thumb Code   176  tasks.o(.text)
    vTaskDelay                               0x080029e9   Thumb Code    94  tasks.o(.text)
    uxTaskPriorityGet                        0x08002a47   Thumb Code    30  tasks.o(.text)
    uxTaskPriorityGetFromISR                 0x08002a65   Thumb Code    42  tasks.o(.text)
    vTaskPrioritySet                         0x08002a8f   Thumb Code   224  tasks.o(.text)
    vTaskSwitchContext                       0x08002b6f   Thumb Code   106  tasks.o(.text)
    vTaskSuspend                             0x08002bd9   Thumb Code   224  tasks.o(.text)
    vTaskResume                              0x08002cfd   Thumb Code   104  tasks.o(.text)
    xTaskResumeFromISR                       0x08002d65   Thumb Code   126  tasks.o(.text)
    vTaskStartScheduler                      0x08002e5f   Thumb Code    70  tasks.o(.text)
    vTaskEndScheduler                        0x08002ea5   Thumb Code    18  tasks.o(.text)
    xTaskGetTickCount                        0x08002eb7   Thumb Code     6  tasks.o(.text)
    xTaskGetTickCountFromISR                 0x08002ebd   Thumb Code    16  tasks.o(.text)
    uxTaskGetNumberOfTasks                   0x08002ecd   Thumb Code     6  tasks.o(.text)
    vTaskPlaceOnEventList                    0x08002ed3   Thumb Code    94  tasks.o(.text)
    vTaskPlaceOnUnorderedEventList           0x08002f31   Thumb Code   132  tasks.o(.text)
    xTaskRemoveFromEventList                 0x08002fb5   Thumb Code   114  tasks.o(.text)
    xTaskRemoveFromUnorderedEventList        0x08003027   Thumb Code   192  tasks.o(.text)
    vTaskSetTimeOutState                     0x080030e7   Thumb Code    28  tasks.o(.text)
    xTaskCheckForTimeOut                     0x08003103   Thumb Code   108  tasks.o(.text)
    vTaskMissedYield                         0x0800316f   Thumb Code     8  tasks.o(.text)
    uxTaskResetEventItemValue                0x08003177   Thumb Code    24  tasks.o(.text)
    ulTaskNotifyTake                         0x0800318f   Thumb Code   162  tasks.o(.text)
    xTaskNotifyWait                          0x08003231   Thumb Code   196  tasks.o(.text)
    xTaskGenericNotify                       0x080032f5   Thumb Code   202  tasks.o(.text)
    xTaskGenericNotifyFromISR                0x080033bf   Thumb Code   278  tasks.o(.text)
    vTaskNotifyGiveFromISR                   0x080034d5   Thumb Code   158  tasks.o(.text)
    xTaskNotifyStateClear                    0x08003573   Thumb Code    50  tasks.o(.text)
    Key_Control                              0x080035b9   Thumb Code     2  keytask.o(.text)
    vTaskKey                                 0x080035bb   Thumb Code    46  keytask.o(.text)
    vTaskLed                                 0x080035f5   Thumb Code    40  ledtask.o(.text)
    __aeabi_memcpy                           0x08003625   Thumb Code    36  memcpya.o(.text)
    __aeabi_memcpy4                          0x08003625   Thumb Code     0  memcpya.o(.text)
    __aeabi_memcpy8                          0x08003625   Thumb Code     0  memcpya.o(.text)
    __scatterload                            0x08003649   Thumb Code    28  init.o(.text)
    __scatterload_rt2                        0x08003649   Thumb Code     0  init.o(.text)
    __scatterload_copy                       0x0800366d   Thumb Code    14  handlers.o(i.__scatterload_copy)
    __scatterload_null                       0x0800367b   Thumb Code     2  handlers.o(i.__scatterload_null)
    __scatterload_zeroinit                   0x0800367d   Thumb Code    14  handlers.o(i.__scatterload_zeroinit)
    Region$$Table$$Base                      0x0800368c   Number         0  anon$$obj.o(Region$$Table)
    Region$$Table$$Limit                     0x080036ac   Number         0  anon$$obj.o(Region$$Table)
    SystemCoreClock                          0x20000000   Data           4  system_stm32f10x.o(.data)
    AHBPrescTable                            0x20000004   Data          16  system_stm32f10x.o(.data)
    xQueue_uart                              0x20000030   Data           4  main.o(.data)
    LedA                                     0x20000034   Data          24  led.o(.data)
    LedB                                     0x2000004c   Data          24  led.o(.data)
    LedC                                     0x20000064   Data          24  led.o(.data)
    Fmq                                      0x2000007c   Data          24  led.o(.data)
    KEY_RetValue                             0x20000094   Data           1  bsp_key.o(.data)
    Key_PU                                   0x20000098   Data          20  bsp_key.o(.data)
    Key_PD                                   0x200000ac   Data          20  bsp_key.o(.data)
    pxCurrentTCB                             0x200000e8   Data           4  tasks.o(.data)
    SendBuff                                 0x20000120   Data          80  usart1.o(.bss)
    ReadBuff                                 0x20000170   Data          80  usart1.o(.bss)
    __initial_sp                             0x20003c80   Data           0  startup_stm32f10x_hd.o(STACK)



==============================================================================

Memory Map of the image

  Image Entry point : 0x08000131

  Load Region LR_IROM1 (Base: 0x08000000, Size: 0x000037cc, Max: 0x00080000, ABSOLUTE)

    Execution Region ER_IROM1 (Exec base: 0x08000000, Load base: 0x08000000, Size: 0x000036ac, Max: 0x00080000, ABSOLUTE)

    Exec Addr    Load Addr    Size         Type   Attr      Idx    E Section Name        Object

    0x08000000   0x08000000   0x00000130   Data   RO          398    RESET               startup_stm32f10x_hd.o
    0x08000130   0x08000130   0x00000000   Code   RO          814  * .ARM.Collect$$$$00000000  mc_w.l(entry.o)
    0x08000130   0x08000130   0x00000004   Code   RO          821    .ARM.Collect$$$$00000001  mc_w.l(entry2.o)
    0x08000134   0x08000134   0x00000004   Code   RO          824    .ARM.Collect$$$$00000004  mc_w.l(entry5.o)
    0x08000138   0x08000138   0x00000000   Code   RO          826    .ARM.Collect$$$$00000008  mc_w.l(entry7b.o)
    0x08000138   0x08000138   0x00000000   Code   RO          828    .ARM.Collect$$$$0000000A  mc_w.l(entry8b.o)
    0x08000138   0x08000138   0x00000008   Code   RO          829    .ARM.Collect$$$$0000000B  mc_w.l(entry9a.o)
    0x08000140   0x08000140   0x00000000   Code   RO          831    .ARM.Collect$$$$0000000D  mc_w.l(entry10a.o)
    0x08000140   0x08000140   0x00000000   Code   RO          833    .ARM.Collect$$$$0000000F  mc_w.l(entry11a.o)
    0x08000140   0x08000140   0x00000004   Code   RO          822    .ARM.Collect$$$$00002712  mc_w.l(entry2.o)
    0x08000144   0x08000144   0x000000a2   Code   RO          687    .emb_text           port.o
    0x080001e6   0x080001e6   0x00000002   PAD
    0x080001e8   0x080001e8   0x000001e0   Code   RO           17    .text               system_stm32f10x.o
    0x080003c8   0x080003c8   0x000000dc   Code   RO          114    .text               misc.o
    0x080004a4   0x080004a4   0x00000254   Code   RO          214    .text               stm32f10x_dma.o
    0x080006f8   0x080006f8   0x0000035c   Code   RO          262    .text               stm32f10x_gpio.o
    0x08000a54   0x08000a54   0x000003a4   Code   RO          310    .text               stm32f10x_rcc.o
    0x08000df8   0x08000df8   0x00000408   Code   RO          372    .text               stm32f10x_usart.o
    0x08001200   0x08001200   0x00000024   Code   RO          399    .text               startup_stm32f10x_hd.o
    0x08001224   0x08001224   0x00000014   Code   RO          403    .text               stm32f10x_it.o
    0x08001238   0x08001238   0x000000d4   Code   RO          418    .text               main.o
    0x0800130c   0x0800130c   0x000000c0   Code   RO          575    .text               led.o
    0x080013cc   0x080013cc   0x0000001a   Code   RO          607    .text               bsp.o
    0x080013e6   0x080013e6   0x00000002   PAD
    0x080013e8   0x080013e8   0x000000fc   Code   RO          625    .text               bsp_key.o
    0x080014e4   0x080014e4   0x000002f0   Code   RO          644    .text               usart1.o
    0x080017d4   0x080017d4   0x00000258   Code   RO          663    .text               heap_4.o
    0x08001a2c   0x08001a2c   0x000001f4   Code   RO          688    .text               port.o
    0x08001c20   0x08001c20   0x00000094   Code   RO          738    .text               list.o
    0x08001cb4   0x08001cb4   0x00000752   Code   RO          750    .text               queue.o
    0x08002406   0x08002406   0x00000002   PAD
    0x08002408   0x08002408   0x000011b0   Code   RO          765    .text               tasks.o
    0x080035b8   0x080035b8   0x0000003c   Code   RO          790    .text               keytask.o
    0x080035f4   0x080035f4   0x00000030   Code   RO          802    .text               ledtask.o
    0x08003624   0x08003624   0x00000024   Code   RO          817    .text               mc_w.l(memcpya.o)
    0x08003648   0x08003648   0x00000024   Code   RO          835    .text               mc_w.l(init.o)
    0x0800366c   0x0800366c   0x0000000e   Code   RO          839    i.__scatterload_copy  mc_w.l(handlers.o)
    0x0800367a   0x0800367a   0x00000002   Code   RO          840    i.__scatterload_null  mc_w.l(handlers.o)
    0x0800367c   0x0800367c   0x0000000e   Code   RO          841    i.__scatterload_zeroinit  mc_w.l(handlers.o)
    0x0800368a   0x0800368a   0x00000002   PAD
    0x0800368c   0x0800368c   0x00000020   Data   RO          837    Region$$Table       anon$$obj.o


    Execution Region RW_IRAM1 (Exec base: 0x20000000, Load base: 0x080036ac, Size: 0x00003c80, Max: 0x00010000, ABSOLUTE)

    Exec Addr    Load Addr    Size         Type   Attr      Idx    E Section Name        Object

    0x20000000   0x080036ac   0x00000014   Data   RW           18    .data               system_stm32f10x.o
    0x20000014   0x080036c0   0x00000014   Data   RW          311    .data               stm32f10x_rcc.o
    0x20000028   0x080036d4   0x0000000c   Data   RW          419    .data               main.o
    0x20000034   0x080036e0   0x00000060   Data   RW          576    .data               led.o
    0x20000094   0x08003740   0x0000002c   Data   RW          626    .data               bsp_key.o
    0x200000c0   0x0800376c   0x00000002   Data   RW          646    .data               usart1.o
    0x200000c2   0x0800376e   0x00000002   PAD
    0x200000c4   0x08003770   0x00000018   Data   RW          665    .data               heap_4.o
    0x200000dc   0x08003788   0x0000000c   Data   RW          689    .data               port.o
    0x200000e8   0x08003794   0x00000038   Data   RW          767    .data               tasks.o
    0x20000120        -       0x000000a0   Zero   RW          645    .bss                usart1.o
    0x200001c0        -       0x00003000   Zero   RW          664    .bss                heap_4.o
    0x200031c0        -       0x000002bc   Zero   RW          766    .bss                tasks.o
    0x2000347c   0x080037cc   0x00000004   PAD
    0x20003480        -       0x00000800   Zero   RW          396    STACK               startup_stm32f10x_hd.o


==============================================================================

Image component sizes


      Code (inc. data)   RO Data    RW Data    ZI Data      Debug   Object Name

        26          0          0          0          0        423   bsp.o
       252         12          0         44          0       2524   bsp_key.o
         0          0          0          0          0       4540   core_cm3.o
       600         26          0         24      12288       4640   heap_4.o
        60         12          0          0          0        651   keytask.o
       192         16          0         96          0       2014   led.o
        48          8          0          0          0        567   ledtask.o
       148          0          0          0          0       1806   list.o
       212         82          0         12          0      28936   main.o
       220         22          0          0          0       1865   misc.o
       662         40          0         12          0       4826   port.o
      1874          0          0          0          0       8982   queue.o
        36          8        304          0       2048        812   startup_stm32f10x_hd.o
       596          8          0          0          0       4426   stm32f10x_dma.o
       860         38          0          0          0       5797   stm32f10x_gpio.o
        20          0          0          0          0        907   stm32f10x_it.o
       932         36          0         20          0       8972   stm32f10x_rcc.o
      1032         22          0          0          0       8520   stm32f10x_usart.o
       480         38          0         20          0     239707   system_stm32f10x.o
      4528        268          0         56        700      17736   tasks.o
       752         24          0          2        160       3192   usart1.o

    ----------------------------------------------------------------------
     13536        660        336        288      15200     351843   Object Totals
         0          0         32          0          0          0   (incl. Generated)
         6          0          0          2          4          0   (incl. Padding)

    ----------------------------------------------------------------------

      Code (inc. data)   RO Data    RW Data    ZI Data      Debug   Library Member Name

         0          0          0          0          0          0   entry.o
         0          0          0          0          0          0   entry10a.o
         0          0          0          0          0          0   entry11a.o
         8          4          0          0          0          0   entry2.o
         4          0          0          0          0          0   entry5.o
         0          0          0          0          0          0   entry7b.o
         0          0          0          0          0          0   entry8b.o
         8          4          0          0          0          0   entry9a.o
        30          0          0          0          0          0   handlers.o
        36          8          0          0          0         68   init.o
        36          0          0          0          0         68   memcpya.o

    ----------------------------------------------------------------------
       124         16          0          0          0        136   Library Totals
         2          0          0          0          0          0   (incl. Padding)

    ----------------------------------------------------------------------

      Code (inc. data)   RO Data    RW Data    ZI Data      Debug   Library Name

       122         16          0          0          0        136   mc_w.l

    ----------------------------------------------------------------------
       124         16          0          0          0        136   Library Totals

    ----------------------------------------------------------------------

==============================================================================


      Code (inc. data)   RO Data    RW Data    ZI Data      Debug   

     13660        676        336        288      15200     350363   Grand Totals
     13660        676        336        288      15200     350363   ELF Image Totals
     13660        676        336        288          0          0   ROM Totals

==============================================================================

    Total RO  Size (Code + RO Data)                13996 (  13.67kB)
    Total RW  Size (RW Data + ZI Data)             15488 (  15.13kB)
    Total ROM Size (Code + RO Data + RW Data)      14284 (  13.95kB)

==============================================================================

