<html>
<body>
<pre>
<h1>礦ision Build Log</h1>
<h2>Tool Versions:</h2>
IDE-Version: μVision V5.25.2.0
Copyright (C) 2018 ARM Ltd and ARM Germany GmbH. All rights reserved.
License Information: 12 23, 34, LIC=PE7BS-LGSLS-PBXEG-VZ58Q-DUAXE-NB4H7
 
Tool Versions:
Toolchain:       MDK-ARM Plus  Version: 5.25.2.0
Toolchain Path:  C:\Keil_v5\ARM\ARMCC\Bin
C Compiler:      Armcc.exe V5.06 update 6 (build 750)
Assembler:       Armasm.exe V5.06 update 6 (build 750)
Linker/Locator:  ArmLink.exe V5.06 update 6 (build 750)
Library Manager: ArmAr.exe V5.06 update 6 (build 750)
Hex Converter:   FromElf.exe V5.06 update 6 (build 750)
CPU DLL:         SARMCM3.DLL V5.25.2.0
Dialog DLL:      DCM.DLL V1.17.1.0
Target DLL:      STLink\ST-LINKIII-KEIL_SWO.dll V3.0.1.0
Dialog DLL:      TCM.DLL V1.35.1.0
 
<h2>Project:</h2>
C:\LSS\Myjiezuo\stm32\VET6\MY1_3\Project\LZM_F103VET6.uvprojx
Project File Date:  10/21/2019

<h2>Output:</h2>
*** Using Compiler 'V5.06 update 6 (build 750)', folder: 'C:\Keil_v5\ARM\ARMCC\Bin'
Rebuild target 'Target 1'
compiling system_stm32f10x.c...
compiling stm32f10x_bkp.c...
compiling misc.c...
compiling stm32f10x_cec.c...
compiling stm32f10x_can.c...
compiling core_cm3.c...
compiling stm32f10x_adc.c...
compiling stm32f10x_crc.c...
compiling stm32f10x_dac.c...
compiling stm32f10x_dma.c...
compiling stm32f10x_dbgmcu.c...
compiling stm32f10x_flash.c...
compiling stm32f10x_exti.c...
compiling stm32f10x_fsmc.c...
compiling stm32f10x_gpio.c...
compiling stm32f10x_pwr.c...
compiling stm32f10x_iwdg.c...
compiling stm32f10x_i2c.c...
compiling stm32f10x_rcc.c...
compiling stm32f10x_spi.c...
compiling stm32f10x_rtc.c...
compiling stm32f10x_sdio.c...
assembling startup_stm32f10x_hd.s...
compiling stm32f10x_wwdg.c...
compiling stm32f10x_usart.c...
compiling stm32f10x_tim.c...
compiling stm32f10x_it.c...
compiling main.c...
compiling SysInfoTest.c...
..\User\SysInfoTest.c(46): warning:  #223-D: function "bsp_SetTIMforInt" declared implicitly
  	bsp_SetTIMforInt(TIM6, timerINTERRUPT_FREQUENCY, timerHIGHEST_PRIORITY, 0);
..\User\SysInfoTest.c: 1 warning, 0 errors
compiling control.c...
compiling gather.c...
compiling delay.c...
compiling LED.C...
compiling sys.c...
compiling bsp_dwt_delay.c...
compiling config_param.c...
compiling bsp.c...
compiling heap_4.c...
compiling bsp_key.c...
compiling usart1.c...
..\Basic\USART1\usart1.c(233): warning:  #550-D: variable "num"  was set but never used
  	  static u8 num = 0;   //关系到多少个 20 字节  
..\Basic\USART1\usart1.c(234): warning:  #177-D: variable "index"  was declared but never referenced
  	  static u8 index = 0;   //超字节时 前面的字节总和
..\Basic\USART1\usart1.c: 2 warnings, 0 errors
compiling bsp_tim_pwm.c...
compiling croutine.c...
compiling list.c...
compiling event_groups.c...
compiling queue.c...
compiling timers.c...
compiling port.c...
compiling tasks.c...
compiling KeyTask.c...
compiling LedTask.c...
compiling CpuTask.c...
compiling CommunicateTask.c...
..\TASK\src\CommunicateTask.c(23): warning:  #550-D: variable "xReturn"  was set but never used
  	BaseType_t xReturn = pdTRUE;/* 定义一个创建信息返回值，默认为pdTRUE */
..\TASK\src\CommunicateTask.c(43): warning:  #550-D: variable "xReturn"  was set but never used
  	BaseType_t xReturn = pdTRUE;/* 定义一个创建信息返回值，默认为pdTRUE */
..\TASK\src\CommunicateTask.c: 2 warnings, 0 errors
linking...
Program Size: Code=19516 RO-data=336 RW-data=300 ZI-data=18212  
FromELF: creating hex file...
".\Objects\LZM_F103C8T6.axf" - 0 Error(s), 5 Warning(s).

<h2>Software Packages used:</h2>

Package Vendor: Keil
                http://www.keil.com/pack/Keil.STM32F1xx_DFP.2.3.0.pack
                Keil.STM32F1xx_DFP.2.3.0
                STMicroelectronics STM32F1 Series Device Support, Drivers and Examples

<h2>Collection of Component include folders:</h2>
  .\RTE\_Target_1
  C:\LSS\soft\Keil\STM32F1xx_DFP\2.3.0\Device\Include

<h2>Collection of Component Files used:</h2>
Build Time Elapsed:  00:00:12
</pre>
</body>
</html>
