Component: ARM Compiler 5.06 update 6 (build 750) Tool: armlink [4d35ed]

==============================================================================

Section Cross References

    system_stm32f10x.o(.text) refers to system_stm32f10x.o(.data) for SystemCoreClock
    stm32f10x_adc.o(.text) refers to stm32f10x_rcc.o(.text) for RCC_APB2PeriphResetCmd
    stm32f10x_bkp.o(.text) refers to stm32f10x_rcc.o(.text) for RCC_BackupResetCmd
    stm32f10x_can.o(.text) refers to stm32f10x_rcc.o(.text) for RCC_APB1PeriphResetCmd
    stm32f10x_cec.o(.text) refers to stm32f10x_rcc.o(.text) for RCC_APB1PeriphResetCmd
    stm32f10x_dac.o(.text) refers to stm32f10x_rcc.o(.text) for RCC_APB1PeriphResetCmd
    stm32f10x_gpio.o(.text) refers to stm32f10x_rcc.o(.text) for RCC_APB2PeriphResetCmd
    stm32f10x_i2c.o(.text) refers to stm32f10x_rcc.o(.text) for RCC_APB1PeriphResetCmd
    stm32f10x_pwr.o(.text) refers to stm32f10x_rcc.o(.text) for RCC_APB1PeriphResetCmd
    stm32f10x_rcc.o(.text) refers to stm32f10x_rcc.o(.data) for APBAHBPrescTable
    stm32f10x_spi.o(.text) refers to stm32f10x_rcc.o(.text) for RCC_APB2PeriphResetCmd
    stm32f10x_tim.o(.text) refers to stm32f10x_rcc.o(.text) for RCC_APB2PeriphResetCmd
    stm32f10x_usart.o(.text) refers to stm32f10x_rcc.o(.text) for RCC_APB2PeriphResetCmd
    stm32f10x_wwdg.o(.text) refers to stm32f10x_rcc.o(.text) for RCC_APB1PeriphResetCmd
    startup_stm32f10x_hd.o(RESET) refers to startup_stm32f10x_hd.o(STACK) for __initial_sp
    startup_stm32f10x_hd.o(RESET) refers to startup_stm32f10x_hd.o(.text) for Reset_Handler
    startup_stm32f10x_hd.o(RESET) refers to stm32f10x_it.o(.text) for NMI_Handler
    startup_stm32f10x_hd.o(RESET) refers to port.o(.emb_text) for SVC_Handler
    startup_stm32f10x_hd.o(RESET) refers to port.o(.text) for SysTick_Handler
    startup_stm32f10x_hd.o(RESET) refers to usart1.o(.text) for DMA1_Channel4_IRQHandler
    startup_stm32f10x_hd.o(RESET) refers to sysinfotest.o(.text) for TIM6_IRQHandler
    startup_stm32f10x_hd.o(.text) refers to system_stm32f10x.o(.text) for SystemInit
    startup_stm32f10x_hd.o(.text) refers to entry.o(.ARM.Collect$$$$00000000) for __main
    main.o(.text) refers to queue.o(.text) for xQueueGenericCreate
    main.o(.text) refers to usart1.o(.text) for Uart1_DMA_SendString
    main.o(.text) refers to tasks.o(.text) for xTaskGenericCreate
    main.o(.text) refers to bsp.o(.text) for bsp_Init
    main.o(.text) refers to main.o(.data) for xQueue_uart1Rx
    main.o(.text) refers to ledtask.o(.text) for vTaskLed
    main.o(.text) refers to keytask.o(.text) for vTaskKey
    main.o(.text) refers to communicatetask.o(.text) for vTaskUart1Rx
    sysinfotest.o(.text) refers to bsp_tim_pwm.o(.text) for bsp_SetTIMforInt
    sysinfotest.o(.text) refers to stm32f10x_tim.o(.text) for TIM_GetITStatus
    sysinfotest.o(.text) refers to sysinfotest.o(.data) for ulHighFrequencyTimerTicks
    sys.o(.text) refers to sys.o(.emb_text) for WFI_SET
    delay.o(.text) refers to delay.o(.data) for fac_us
    led.o(.text) refers to stm32f10x_rcc.o(.text) for RCC_APB2PeriphClockCmd
    led.o(.text) refers to stm32f10x_gpio.o(.text) for GPIO_Init
    led.o(.text) refers to led.o(.data) for LedA
    bsp_dwt_delay.o(.text) refers to bsp_dwt_delay.o(.data) for SYSCLK
    bsp.o(.text) refers to misc.o(.text) for NVIC_PriorityGroupConfig
    bsp.o(.text) refers to led.o(.text) for bsp_LED_Init
    bsp.o(.text) refers to bsp_key.o(.text) for bsp_KEY_Init
    bsp.o(.text) refers to usart1.o(.text) for USART1_Config
    bsp_key.o(.text) refers to stm32f10x_rcc.o(.text) for RCC_APB2PeriphClockCmd
    bsp_key.o(.text) refers to stm32f10x_gpio.o(.text) for GPIO_Init
    bsp_key.o(.text) refers to bsp_key.o(.data) for Key_PU
    usart1.o(.text) refers to misc.o(.text) for NVIC_Init
    usart1.o(.text) refers to stm32f10x_rcc.o(.text) for RCC_AHBPeriphClockCmd
    usart1.o(.text) refers to stm32f10x_dma.o(.text) for DMA_Cmd
    usart1.o(.text) refers to stm32f10x_gpio.o(.text) for GPIO_Init
    usart1.o(.text) refers to stm32f10x_usart.o(.text) for USART_Init
    usart1.o(.text) refers to queue.o(.text) for xQueueGenericSendFromISR
    usart1.o(.text) refers to strlen.o(.text) for strlen
    usart1.o(.text) refers to memcpya.o(.text) for __aeabi_memcpy
    usart1.o(.text) refers to usart1.o(.bss) for SendBuff
    usart1.o(.text) refers to usart1.o(.data) for uart1_sending
    usart1.o(.text) refers to main.o(.data) for xQueue_uart1Tx
    bsp_tim_pwm.o(.text) refers to stm32f10x_rcc.o(.text) for RCC_APB2PeriphClockCmd
    bsp_tim_pwm.o(.text) refers to stm32f10x_gpio.o(.text) for GPIO_Init
    bsp_tim_pwm.o(.text) refers to stm32f10x_tim.o(.text) for TIM_Cmd
    bsp_tim_pwm.o(.text) refers to system_stm32f10x.o(.data) for SystemCoreClock
    bsp_tim_pwm.o(.text) refers to misc.o(.text) for NVIC_Init
    heap_4.o(.text) refers to tasks.o(.text) for vTaskSuspendAll
    heap_4.o(.text) refers to port.o(.emb_text) for ulPortSetInterruptMask
    heap_4.o(.text) refers to heap_4.o(.data) for xStart
    heap_4.o(.text) refers to heap_4.o(.bss) for ucHeap
    port.o(.emb_text) refers to tasks.o(.text) for vTaskSwitchContext
    port.o(.emb_text) refers to tasks.o(.data) for pxCurrentTCB
    port.o(.text) refers to port.o(.emb_text) for ulPortSetInterruptMask
    port.o(.text) refers to tasks.o(.text) for xTaskIncrementTick
    port.o(.text) refers to port.o(.data) for uxCriticalNesting
    event_groups.o(.text) refers to heap_4.o(.text) for pvPortMalloc
    event_groups.o(.text) refers to list.o(.text) for vListInitialise
    event_groups.o(.text) refers to port.o(.emb_text) for ulPortSetInterruptMask
    event_groups.o(.text) refers to tasks.o(.text) for vTaskSuspendAll
    event_groups.o(.text) refers to port.o(.text) for vPortYield
    queue.o(.text) refers to port.o(.emb_text) for ulPortSetInterruptMask
    queue.o(.text) refers to port.o(.text) for vPortEnterCritical
    queue.o(.text) refers to tasks.o(.text) for xTaskRemoveFromEventList
    queue.o(.text) refers to list.o(.text) for vListInitialise
    queue.o(.text) refers to heap_4.o(.text) for pvPortMalloc
    queue.o(.text) refers to memcpya.o(.text) for __aeabi_memcpy
    tasks.o(.text) refers to list.o(.text) for vListInitialise
    tasks.o(.text) refers to heap_4.o(.text) for pvPortMalloc
    tasks.o(.text) refers to port.o(.emb_text) for ulPortSetInterruptMask
    tasks.o(.text) refers to port.o(.text) for pxPortInitialiseStack
    tasks.o(.text) refers to tasks.o(.bss) for pxReadyTasksLists
    tasks.o(.text) refers to tasks.o(.data) for pxDelayedTaskList
    tasks.o(.text) refers to sysinfotest.o(.data) for ulHighFrequencyTimerTicks
    keytask.o(.text) refers to bsp_key.o(.text) for Key_Scan
    keytask.o(.text) refers to tasks.o(.text) for vTaskDelay
    keytask.o(.text) refers to bsp_key.o(.data) for Key_PU
    ledtask.o(.text) refers to led.o(.text) for bsp_Led_Flash
    ledtask.o(.text) refers to tasks.o(.text) for vTaskDelay
    ledtask.o(.text) refers to led.o(.data) for LedA
    communicatetask.o(.text) refers to queue.o(.text) for xQueueGenericReceive
    communicatetask.o(.text) refers to usart1.o(.text) for Uart1_DMA_SendString
    communicatetask.o(.text) refers to main.o(.data) for xQueue_uart1Rx
    entry.o(.ARM.Collect$$$$00000000) refers (Special) to entry10a.o(.ARM.Collect$$$$0000000D) for __rt_final_cpp
    entry.o(.ARM.Collect$$$$00000000) refers (Special) to entry11a.o(.ARM.Collect$$$$0000000F) for __rt_final_exit
    entry.o(.ARM.Collect$$$$00000000) refers (Special) to entry7b.o(.ARM.Collect$$$$00000008) for _main_clock
    entry.o(.ARM.Collect$$$$00000000) refers (Special) to entry8b.o(.ARM.Collect$$$$0000000A) for _main_cpp_init
    entry.o(.ARM.Collect$$$$00000000) refers (Special) to entry9a.o(.ARM.Collect$$$$0000000B) for _main_init
    entry.o(.ARM.Collect$$$$00000000) refers (Special) to entry5.o(.ARM.Collect$$$$00000004) for _main_scatterload
    entry.o(.ARM.Collect$$$$00000000) refers (Special) to entry2.o(.ARM.Collect$$$$00000001) for _main_stk
    entry2.o(.ARM.Collect$$$$00000001) refers to entry2.o(.ARM.Collect$$$$00002712) for __lit__00000000
    entry2.o(.ARM.Collect$$$$00002712) refers to startup_stm32f10x_hd.o(STACK) for __initial_sp
    entry2.o(__vectab_stack_and_reset_area) refers to startup_stm32f10x_hd.o(STACK) for __initial_sp
    entry2.o(__vectab_stack_and_reset_area) refers to entry.o(.ARM.Collect$$$$00000000) for __main
    entry5.o(.ARM.Collect$$$$00000004) refers to init.o(.text) for __scatterload
    entry9a.o(.ARM.Collect$$$$0000000B) refers to main.o(.text) for main
    entry9b.o(.ARM.Collect$$$$0000000C) refers to main.o(.text) for main
    init.o(.text) refers to entry5.o(.ARM.Collect$$$$00000004) for __main_after_scatterload


==============================================================================

Removing Unused input sections from the image.

    Removing core_cm3.o(.emb_text), (32 bytes).
    Removing stm32f10x_adc.o(.text), (1102 bytes).
    Removing stm32f10x_bkp.o(.text), (196 bytes).
    Removing stm32f10x_can.o(.text), (2544 bytes).
    Removing stm32f10x_cec.o(.text), (288 bytes).
    Removing stm32f10x_crc.o(.text), (72 bytes).
    Removing stm32f10x_dac.o(.text), (396 bytes).
    Removing stm32f10x_dbgmcu.o(.text), (48 bytes).
    Removing stm32f10x_exti.o(.text), (284 bytes).
    Removing stm32f10x_flash.o(.text), (1468 bytes).
    Removing stm32f10x_fsmc.o(.text), (1548 bytes).
    Removing stm32f10x_i2c.o(.text), (1028 bytes).
    Removing stm32f10x_iwdg.o(.text), (108 bytes).
    Removing stm32f10x_pwr.o(.text), (204 bytes).
    Removing stm32f10x_rtc.o(.text), (328 bytes).
    Removing stm32f10x_sdio.o(.text), (468 bytes).
    Removing stm32f10x_spi.o(.text), (780 bytes).
    Removing stm32f10x_wwdg.o(.text), (136 bytes).
    Removing startup_stm32f10x_hd.o(HEAP), (512 bytes).
    Removing sys.o(.emb_text), (12 bytes).
    Removing sys.o(.text), (700 bytes).
    Removing delay.o(.text), (176 bytes).
    Removing delay.o(.data), (4 bytes).
    Removing bsp_dwt_delay.o(.text), (124 bytes).
    Removing bsp_dwt_delay.o(.data), (4 bytes).
    Removing event_groups.o(.text), (850 bytes).

26 unused section(s) (total 13412 bytes) removed from the image.

==============================================================================

Image Symbol Table

    Local Symbols

    Symbol Name                              Value     Ov Type        Size  Object(Section)

    ../clib/../cmprslib/zerorunl2.c          0x00000000   Number         0  __dczerorl2.o ABSOLUTE
    ../clib/microlib/init/entry.s            0x00000000   Number         0  entry.o ABSOLUTE
    ../clib/microlib/init/entry.s            0x00000000   Number         0  entry11a.o ABSOLUTE
    ../clib/microlib/init/entry.s            0x00000000   Number         0  entry9b.o ABSOLUTE
    ../clib/microlib/init/entry.s            0x00000000   Number         0  entry10a.o ABSOLUTE
    ../clib/microlib/init/entry.s            0x00000000   Number         0  entry10b.o ABSOLUTE
    ../clib/microlib/init/entry.s            0x00000000   Number         0  entry11b.o ABSOLUTE
    ../clib/microlib/init/entry.s            0x00000000   Number         0  entry5.o ABSOLUTE
    ../clib/microlib/init/entry.s            0x00000000   Number         0  entry2.o ABSOLUTE
    ../clib/microlib/init/entry.s            0x00000000   Number         0  entry7a.o ABSOLUTE
    ../clib/microlib/init/entry.s            0x00000000   Number         0  entry7b.o ABSOLUTE
    ../clib/microlib/init/entry.s            0x00000000   Number         0  entry8a.o ABSOLUTE
    ../clib/microlib/init/entry.s            0x00000000   Number         0  entry8b.o ABSOLUTE
    ../clib/microlib/init/entry.s            0x00000000   Number         0  entry9a.o ABSOLUTE
    ../clib/microlib/string/memcpy.c         0x00000000   Number         0  memcpya.o ABSOLUTE
    ../clib/microlib/string/memcpy.c         0x00000000   Number         0  memcpyb.o ABSOLUTE
    ../clib/microlib/string/strlen.c         0x00000000   Number         0  strlen.o ABSOLUTE
    ..\Basic\BSP\bsp.c                       0x00000000   Number         0  bsp.o ABSOLUTE
    ..\Basic\BSP\bsp_tim_pwm.c               0x00000000   Number         0  bsp_tim_pwm.o ABSOLUTE
    ..\Basic\CONFIG\config_param.c           0x00000000   Number         0  config_param.o ABSOLUTE
    ..\Basic\DWT\bsp_dwt_delay.c             0x00000000   Number         0  bsp_dwt_delay.o ABSOLUTE
    ..\Basic\KEY\bsp_key.c                   0x00000000   Number         0  bsp_key.o ABSOLUTE
    ..\Basic\LED\LED.C                       0x00000000   Number         0  led.o ABSOLUTE
    ..\Basic\SYSTICK\delay.c                 0x00000000   Number         0  delay.o ABSOLUTE
    ..\Basic\SYS\sys.c                       0x00000000   Number         0  sys.o ABSOLUTE
    ..\Basic\USART1\usart1.c                 0x00000000   Number         0  usart1.o ABSOLUTE
    ..\FreeRTOS\src\croutine.c               0x00000000   Number         0  croutine.o ABSOLUTE
    ..\FreeRTOS\src\event_groups.c           0x00000000   Number         0  event_groups.o ABSOLUTE
    ..\FreeRTOS\src\heap_4.c                 0x00000000   Number         0  heap_4.o ABSOLUTE
    ..\FreeRTOS\src\list.c                   0x00000000   Number         0  list.o ABSOLUTE
    ..\FreeRTOS\src\port.c                   0x00000000   Number         0  port.o ABSOLUTE
    ..\FreeRTOS\src\queue.c                  0x00000000   Number         0  queue.o ABSOLUTE
    ..\FreeRTOS\src\tasks.c                  0x00000000   Number         0  tasks.o ABSOLUTE
    ..\FreeRTOS\src\timers.c                 0x00000000   Number         0  timers.o ABSOLUTE
    ..\Libraries\CMSIS\core_cm3.c            0x00000000   Number         0  core_cm3.o ABSOLUTE
    ..\Libraries\CMSIS\startup\startup_stm32f10x_hd.s 0x00000000   Number         0  startup_stm32f10x_hd.o ABSOLUTE
    ..\Libraries\CMSIS\system_stm32f10x.c    0x00000000   Number         0  system_stm32f10x.o ABSOLUTE
    ..\Libraries\STM32F10x_StdPeriph_Driver\src\misc.c 0x00000000   Number         0  misc.o ABSOLUTE
    ..\Libraries\STM32F10x_StdPeriph_Driver\src\stm32f10x_adc.c 0x00000000   Number         0  stm32f10x_adc.o ABSOLUTE
    ..\Libraries\STM32F10x_StdPeriph_Driver\src\stm32f10x_bkp.c 0x00000000   Number         0  stm32f10x_bkp.o ABSOLUTE
    ..\Libraries\STM32F10x_StdPeriph_Driver\src\stm32f10x_can.c 0x00000000   Number         0  stm32f10x_can.o ABSOLUTE
    ..\Libraries\STM32F10x_StdPeriph_Driver\src\stm32f10x_cec.c 0x00000000   Number         0  stm32f10x_cec.o ABSOLUTE
    ..\Libraries\STM32F10x_StdPeriph_Driver\src\stm32f10x_crc.c 0x00000000   Number         0  stm32f10x_crc.o ABSOLUTE
    ..\Libraries\STM32F10x_StdPeriph_Driver\src\stm32f10x_dac.c 0x00000000   Number         0  stm32f10x_dac.o ABSOLUTE
    ..\Libraries\STM32F10x_StdPeriph_Driver\src\stm32f10x_dbgmcu.c 0x00000000   Number         0  stm32f10x_dbgmcu.o ABSOLUTE
    ..\Libraries\STM32F10x_StdPeriph_Driver\src\stm32f10x_dma.c 0x00000000   Number         0  stm32f10x_dma.o ABSOLUTE
    ..\Libraries\STM32F10x_StdPeriph_Driver\src\stm32f10x_exti.c 0x00000000   Number         0  stm32f10x_exti.o ABSOLUTE
    ..\Libraries\STM32F10x_StdPeriph_Driver\src\stm32f10x_flash.c 0x00000000   Number         0  stm32f10x_flash.o ABSOLUTE
    ..\Libraries\STM32F10x_StdPeriph_Driver\src\stm32f10x_fsmc.c 0x00000000   Number         0  stm32f10x_fsmc.o ABSOLUTE
    ..\Libraries\STM32F10x_StdPeriph_Driver\src\stm32f10x_gpio.c 0x00000000   Number         0  stm32f10x_gpio.o ABSOLUTE
    ..\Libraries\STM32F10x_StdPeriph_Driver\src\stm32f10x_i2c.c 0x00000000   Number         0  stm32f10x_i2c.o ABSOLUTE
    ..\Libraries\STM32F10x_StdPeriph_Driver\src\stm32f10x_iwdg.c 0x00000000   Number         0  stm32f10x_iwdg.o ABSOLUTE
    ..\Libraries\STM32F10x_StdPeriph_Driver\src\stm32f10x_pwr.c 0x00000000   Number         0  stm32f10x_pwr.o ABSOLUTE
    ..\Libraries\STM32F10x_StdPeriph_Driver\src\stm32f10x_rcc.c 0x00000000   Number         0  stm32f10x_rcc.o ABSOLUTE
    ..\Libraries\STM32F10x_StdPeriph_Driver\src\stm32f10x_rtc.c 0x00000000   Number         0  stm32f10x_rtc.o ABSOLUTE
    ..\Libraries\STM32F10x_StdPeriph_Driver\src\stm32f10x_sdio.c 0x00000000   Number         0  stm32f10x_sdio.o ABSOLUTE
    ..\Libraries\STM32F10x_StdPeriph_Driver\src\stm32f10x_spi.c 0x00000000   Number         0  stm32f10x_spi.o ABSOLUTE
    ..\Libraries\STM32F10x_StdPeriph_Driver\src\stm32f10x_tim.c 0x00000000   Number         0  stm32f10x_tim.o ABSOLUTE
    ..\Libraries\STM32F10x_StdPeriph_Driver\src\stm32f10x_usart.c 0x00000000   Number         0  stm32f10x_usart.o ABSOLUTE
    ..\Libraries\STM32F10x_StdPeriph_Driver\src\stm32f10x_wwdg.c 0x00000000   Number         0  stm32f10x_wwdg.o ABSOLUTE
    ..\TASK\src\CommunicateTask.c            0x00000000   Number         0  communicatetask.o ABSOLUTE
    ..\TASK\src\CpuTask.c                    0x00000000   Number         0  cputask.o ABSOLUTE
    ..\TASK\src\KeyTask.c                    0x00000000   Number         0  keytask.o ABSOLUTE
    ..\TASK\src\LedTask.c                    0x00000000   Number         0  ledtask.o ABSOLUTE
    ..\Top\src\control.c                     0x00000000   Number         0  control.o ABSOLUTE
    ..\Top\src\gather.c                      0x00000000   Number         0  gather.o ABSOLUTE
    ..\User\SysInfoTest.c                    0x00000000   Number         0  sysinfotest.o ABSOLUTE
    ..\User\main.c                           0x00000000   Number         0  main.o ABSOLUTE
    ..\User\stm32f10x_it.c                   0x00000000   Number         0  stm32f10x_it.o ABSOLUTE
    ..\\Basic\\SYS\\sys.c                    0x00000000   Number         0  sys.o ABSOLUTE
    ..\\FreeRTOS\\src\\port.c                0x00000000   Number         0  port.o ABSOLUTE
    ..\\Libraries\\CMSIS\\core_cm3.c         0x00000000   Number         0  core_cm3.o ABSOLUTE
    dc.s                                     0x00000000   Number         0  dc.o ABSOLUTE
    handlers.s                               0x00000000   Number         0  handlers.o ABSOLUTE
    init.s                                   0x00000000   Number         0  init.o ABSOLUTE
    RESET                                    0x08000000   Section      304  startup_stm32f10x_hd.o(RESET)
    .ARM.Collect$$$$00000000                 0x08000130   Section        0  entry.o(.ARM.Collect$$$$00000000)
    .ARM.Collect$$$$00000001                 0x08000130   Section        4  entry2.o(.ARM.Collect$$$$00000001)
    .ARM.Collect$$$$00000004                 0x08000134   Section        4  entry5.o(.ARM.Collect$$$$00000004)
    .ARM.Collect$$$$00000008                 0x08000138   Section        0  entry7b.o(.ARM.Collect$$$$00000008)
    .ARM.Collect$$$$0000000A                 0x08000138   Section        0  entry8b.o(.ARM.Collect$$$$0000000A)
    .ARM.Collect$$$$0000000B                 0x08000138   Section        8  entry9a.o(.ARM.Collect$$$$0000000B)
    .ARM.Collect$$$$0000000D                 0x08000140   Section        0  entry10a.o(.ARM.Collect$$$$0000000D)
    .ARM.Collect$$$$0000000F                 0x08000140   Section        0  entry11a.o(.ARM.Collect$$$$0000000F)
    .ARM.Collect$$$$00002712                 0x08000140   Section        4  entry2.o(.ARM.Collect$$$$00002712)
    __lit__00000000                          0x08000140   Data           4  entry2.o(.ARM.Collect$$$$00002712)
    .emb_text                                0x08000144   Section      162  port.o(.emb_text)
    .text                                    0x080001e8   Section        0  system_stm32f10x.o(.text)
    SetSysClockTo72                          0x080001e9   Thumb Code   214  system_stm32f10x.o(.text)
    SetSysClock                              0x080002bf   Thumb Code     8  system_stm32f10x.o(.text)
    .text                                    0x080003c8   Section        0  misc.o(.text)
    .text                                    0x080004a4   Section        0  stm32f10x_dma.o(.text)
    .text                                    0x080006f8   Section        0  stm32f10x_gpio.o(.text)
    .text                                    0x08000a54   Section        0  stm32f10x_rcc.o(.text)
    .text                                    0x08000df8   Section        0  stm32f10x_tim.o(.text)
    TI4_Config                               0x0800129f   Thumb Code   130  stm32f10x_tim.o(.text)
    TI3_Config                               0x08001333   Thumb Code   122  stm32f10x_tim.o(.text)
    TI2_Config                               0x080013c7   Thumb Code   130  stm32f10x_tim.o(.text)
    TI1_Config                               0x0800145b   Thumb Code   108  stm32f10x_tim.o(.text)
    .text                                    0x08001c14   Section        0  stm32f10x_usart.o(.text)
    .text                                    0x0800201c   Section       36  startup_stm32f10x_hd.o(.text)
    .text                                    0x08002040   Section        0  stm32f10x_it.o(.text)
    .text                                    0x08002054   Section        0  main.o(.text)
    AppObjCreate                             0x08002055   Thumb Code    54  main.o(.text)
    AppTaskCreate                            0x0800208b   Thumb Code   114  main.o(.text)
    .text                                    0x08002178   Section        0  sysinfotest.o(.text)
    .text                                    0x080021b4   Section        0  led.o(.text)
    led_init                                 0x080021b5   Thumb Code    42  led.o(.text)
    .text                                    0x08002274   Section        0  bsp.o(.text)
    .text                                    0x08002290   Section        0  bsp_key.o(.text)
    key_config                               0x08002291   Thumb Code    36  bsp_key.o(.text)
    .text                                    0x0800238c   Section        0  usart1.o(.text)
    NVIC_Configuration                       0x0800238d   Thumb Code    64  usart1.o(.text)
    .text                                    0x080026e8   Section        0  bsp_tim_pwm.o(.text)
    .text                                    0x08002e10   Section        0  heap_4.o(.text)
    prvInsertBlockIntoFreeList               0x08002e11   Thumb Code    96  heap_4.o(.text)
    prvHeapInit                              0x08002e71   Thumb Code    98  heap_4.o(.text)
    .text                                    0x08003068   Section        0  port.o(.text)
    prvTaskExitError                         0x08003069   Thumb Code    32  port.o(.text)
    .text                                    0x0800325c   Section        0  list.o(.text)
    .text                                    0x080032f0   Section        0  queue.o(.text)
    prvUnlockQueue                           0x080033cf   Thumb Code   126  queue.o(.text)
    prvIsQueueFull                           0x0800344d   Thumb Code    30  queue.o(.text)
    prvCopyDataToQueue                       0x0800346b   Thumb Code   110  queue.o(.text)
    prvIsQueueEmpty                          0x08003741   Thumb Code    26  queue.o(.text)
    prvCopyDataFromQueue                     0x0800375b   Thumb Code    42  queue.o(.text)
    .text                                    0x08003a44   Section        0  tasks.o(.text)
    prvInitialiseTaskLists                   0x08003a45   Thumb Code    70  tasks.o(.text)
    prvInitialiseTCBVariables                0x08003a8b   Thumb Code    92  tasks.o(.text)
    prvAllocateTCBAndStack                   0x08003ae7   Thumb Code    54  tasks.o(.text)
    prvResetNextTaskUnblockTime              0x08003c37   Thumb Code    42  tasks.o(.text)
    prvAddCurrentTaskToDelayedList           0x08003f2b   Thumb Code    62  tasks.o(.text)
    prvTaskIsTaskSuspended                   0x080042f5   Thumb Code    68  tasks.o(.text)
    prvDeleteTCB                             0x0800441f   Thumb Code    18  tasks.o(.text)
    prvCheckTasksWaitingTermination          0x08004431   Thumb Code    86  tasks.o(.text)
    prvIdleTask                              0x08004487   Thumb Code    20  tasks.o(.text)
    .text                                    0x08004bfc   Section        0  keytask.o(.text)
    .text                                    0x08004c24   Section        0  ledtask.o(.text)
    .text                                    0x08004c54   Section        0  communicatetask.o(.text)
    .text                                    0x08004ca0   Section        0  memcpya.o(.text)
    .text                                    0x08004cc4   Section        0  strlen.o(.text)
    .text                                    0x08004cd4   Section       36  init.o(.text)
    .text                                    0x08004cf8   Section        0  __dczerorl2.o(.text)
    i.__scatterload_copy                     0x08004d4e   Section       14  handlers.o(i.__scatterload_copy)
    i.__scatterload_null                     0x08004d5c   Section        2  handlers.o(i.__scatterload_null)
    i.__scatterload_zeroinit                 0x08004d5e   Section       14  handlers.o(i.__scatterload_zeroinit)
    .data                                    0x20000000   Section       20  system_stm32f10x.o(.data)
    .data                                    0x20000014   Section       20  stm32f10x_rcc.o(.data)
    APBAHBPrescTable                         0x20000014   Data          16  stm32f10x_rcc.o(.data)
    ADCPrescTable                            0x20000024   Data           4  stm32f10x_rcc.o(.data)
    .data                                    0x20000028   Section       20  main.o(.data)
    xHandleTaskLed                           0x20000028   Data           4  main.o(.data)
    xHandleTaskKey                           0x2000002c   Data           4  main.o(.data)
    xHandleTaskUart1Rx                       0x20000030   Data           4  main.o(.data)
    .data                                    0x2000003c   Section        4  sysinfotest.o(.data)
    .data                                    0x20000040   Section       96  led.o(.data)
    .data                                    0x200000a0   Section       44  bsp_key.o(.data)
    .data                                    0x200000cc   Section        3  usart1.o(.data)
    uart1_sending                            0x200000cc   Data           1  usart1.o(.data)
    num                                      0x200000cd   Data           1  usart1.o(.data)
    index                                    0x200000ce   Data           1  usart1.o(.data)
    .data                                    0x200000d0   Section       24  heap_4.o(.data)
    xStart                                   0x200000d0   Data           8  heap_4.o(.data)
    pxEnd                                    0x200000d8   Data           4  heap_4.o(.data)
    xFreeBytesRemaining                      0x200000dc   Data           4  heap_4.o(.data)
    xMinimumEverFreeBytesRemaining           0x200000e0   Data           4  heap_4.o(.data)
    xBlockAllocatedBit                       0x200000e4   Data           4  heap_4.o(.data)
    .data                                    0x200000e8   Section       12  port.o(.data)
    uxCriticalNesting                        0x200000e8   Data           4  port.o(.data)
    ucMaxSysCallPriority                     0x200000ec   Data           1  port.o(.data)
    ulMaxPRIGROUPValue                       0x200000f0   Data           4  port.o(.data)
    .data                                    0x200000f4   Section       56  tasks.o(.data)
    pxDelayedTaskList                        0x200000f8   Data           4  tasks.o(.data)
    pxOverflowDelayedTaskList                0x200000fc   Data           4  tasks.o(.data)
    uxTasksDeleted                           0x20000100   Data           4  tasks.o(.data)
    uxCurrentNumberOfTasks                   0x20000104   Data           4  tasks.o(.data)
    xTickCount                               0x20000108   Data           4  tasks.o(.data)
    uxTopReadyPriority                       0x2000010c   Data           4  tasks.o(.data)
    xSchedulerRunning                        0x20000110   Data           4  tasks.o(.data)
    uxPendedTicks                            0x20000114   Data           4  tasks.o(.data)
    xYieldPending                            0x20000118   Data           4  tasks.o(.data)
    xNumOfOverflows                          0x2000011c   Data           4  tasks.o(.data)
    uxTaskNumber                             0x20000120   Data           4  tasks.o(.data)
    xNextTaskUnblockTime                     0x20000124   Data           4  tasks.o(.data)
    uxSchedulerSuspended                     0x20000128   Data           4  tasks.o(.data)
    .bss                                     0x2000012c   Section      100  usart1.o(.bss)
    SendBuff                                 0x2000012c   Data          50  usart1.o(.bss)
    ReadBuff                                 0x2000015e   Data          50  usart1.o(.bss)
    .bss                                     0x20000190   Section    16384  heap_4.o(.bss)
    ucHeap                                   0x20000190   Data       16384  heap_4.o(.bss)
    .bss                                     0x20004190   Section      700  tasks.o(.bss)
    pxReadyTasksLists                        0x20004190   Data         600  tasks.o(.bss)
    xDelayedTaskList1                        0x200043e8   Data          20  tasks.o(.bss)
    xDelayedTaskList2                        0x200043fc   Data          20  tasks.o(.bss)
    xPendingReadyList                        0x20004410   Data          20  tasks.o(.bss)
    xTasksWaitingTermination                 0x20004424   Data          20  tasks.o(.bss)
    xSuspendedTaskList                       0x20004438   Data          20  tasks.o(.bss)
    STACK                                    0x20004450   Section     1024  startup_stm32f10x_hd.o(STACK)

    Global Symbols

    Symbol Name                              Value     Ov Type        Size  Object(Section)

    BuildAttributes$$THM_ISAv4$P$D$K$B$S$PE$A:L22UL41UL21$X:L11$S22US41US21$IEEE1$IW$USESV6$~STKCKD$USESV7$~SHL$OSPACE$EBA8$MICROLIB$REQ8$PRES8$EABIv2 0x00000000   Number         0  anon$$obj.o ABSOLUTE
    __ARM_use_no_argv                        0x00000000   Number         0  main.o ABSOLUTE
    __cpp_initialize__aeabi_                  - Undefined Weak Reference
    __cxa_finalize                            - Undefined Weak Reference
    _clock_init                               - Undefined Weak Reference
    _microlib_exit                            - Undefined Weak Reference
    __Vectors_Size                           0x00000130   Number         0  startup_stm32f10x_hd.o ABSOLUTE
    __Vectors                                0x08000000   Data           4  startup_stm32f10x_hd.o(RESET)
    __Vectors_End                            0x08000130   Data           0  startup_stm32f10x_hd.o(RESET)
    __main                                   0x08000131   Thumb Code     0  entry.o(.ARM.Collect$$$$00000000)
    _main_stk                                0x08000131   Thumb Code     0  entry2.o(.ARM.Collect$$$$00000001)
    _main_scatterload                        0x08000135   Thumb Code     0  entry5.o(.ARM.Collect$$$$00000004)
    __main_after_scatterload                 0x08000139   Thumb Code     0  entry5.o(.ARM.Collect$$$$00000004)
    _main_clock                              0x08000139   Thumb Code     0  entry7b.o(.ARM.Collect$$$$00000008)
    _main_cpp_init                           0x08000139   Thumb Code     0  entry8b.o(.ARM.Collect$$$$0000000A)
    _main_init                               0x08000139   Thumb Code     0  entry9a.o(.ARM.Collect$$$$0000000B)
    __rt_final_cpp                           0x08000141   Thumb Code     0  entry10a.o(.ARM.Collect$$$$0000000D)
    __rt_final_exit                          0x08000141   Thumb Code     0  entry11a.o(.ARM.Collect$$$$0000000F)
    SVC_Handler                              0x08000145   Thumb Code    32  port.o(.emb_text)
    __asm___6_port_c_39a90d8d__prvStartFirstTask 0x08000169   Thumb Code    28  port.o(.emb_text)
    PendSV_Handler                           0x08000189   Thumb Code    64  port.o(.emb_text)
    ulPortSetInterruptMask                   0x080001cd   Thumb Code    14  port.o(.emb_text)
    vPortClearInterruptMask                  0x080001db   Thumb Code     6  port.o(.emb_text)
    vPortGetIPSR                             0x080001e1   Thumb Code     6  port.o(.emb_text)
    SystemInit                               0x080002c7   Thumb Code    78  system_stm32f10x.o(.text)
    SystemCoreClockUpdate                    0x08000315   Thumb Code   142  system_stm32f10x.o(.text)
    NVIC_PriorityGroupConfig                 0x080003c9   Thumb Code    10  misc.o(.text)
    NVIC_Init                                0x080003d3   Thumb Code   100  misc.o(.text)
    NVIC_SetVectorTable                      0x08000437   Thumb Code    14  misc.o(.text)
    NVIC_SystemLPConfig                      0x08000445   Thumb Code    34  misc.o(.text)
    SysTick_CLKSourceConfig                  0x08000467   Thumb Code    40  misc.o(.text)
    DMA_DeInit                               0x080004a5   Thumb Code   324  stm32f10x_dma.o(.text)
    DMA_Init                                 0x080005e9   Thumb Code    60  stm32f10x_dma.o(.text)
    DMA_StructInit                           0x08000625   Thumb Code    26  stm32f10x_dma.o(.text)
    DMA_Cmd                                  0x0800063f   Thumb Code    24  stm32f10x_dma.o(.text)
    DMA_ITConfig                             0x08000657   Thumb Code    18  stm32f10x_dma.o(.text)
    DMA_SetCurrDataCounter                   0x08000669   Thumb Code     4  stm32f10x_dma.o(.text)
    DMA_GetCurrDataCounter                   0x0800066d   Thumb Code     8  stm32f10x_dma.o(.text)
    DMA_GetFlagStatus                        0x08000675   Thumb Code    40  stm32f10x_dma.o(.text)
    DMA_ClearFlag                            0x0800069d   Thumb Code    22  stm32f10x_dma.o(.text)
    DMA_GetITStatus                          0x080006b3   Thumb Code    40  stm32f10x_dma.o(.text)
    DMA_ClearITPendingBit                    0x080006db   Thumb Code    22  stm32f10x_dma.o(.text)
    GPIO_DeInit                              0x080006f9   Thumb Code   172  stm32f10x_gpio.o(.text)
    GPIO_AFIODeInit                          0x080007a5   Thumb Code    20  stm32f10x_gpio.o(.text)
    GPIO_Init                                0x080007b9   Thumb Code   278  stm32f10x_gpio.o(.text)
    GPIO_StructInit                          0x080008cf   Thumb Code    16  stm32f10x_gpio.o(.text)
    GPIO_ReadInputDataBit                    0x080008df   Thumb Code    18  stm32f10x_gpio.o(.text)
    GPIO_ReadInputData                       0x080008f1   Thumb Code     8  stm32f10x_gpio.o(.text)
    GPIO_ReadOutputDataBit                   0x080008f9   Thumb Code    18  stm32f10x_gpio.o(.text)
    GPIO_ReadOutputData                      0x0800090b   Thumb Code     8  stm32f10x_gpio.o(.text)
    GPIO_SetBits                             0x08000913   Thumb Code     4  stm32f10x_gpio.o(.text)
    GPIO_ResetBits                           0x08000917   Thumb Code     4  stm32f10x_gpio.o(.text)
    GPIO_WriteBit                            0x0800091b   Thumb Code    10  stm32f10x_gpio.o(.text)
    GPIO_Write                               0x08000925   Thumb Code     4  stm32f10x_gpio.o(.text)
    GPIO_PinLockConfig                       0x08000929   Thumb Code    18  stm32f10x_gpio.o(.text)
    GPIO_EventOutputConfig                   0x0800093b   Thumb Code    26  stm32f10x_gpio.o(.text)
    GPIO_EventOutputCmd                      0x08000955   Thumb Code     6  stm32f10x_gpio.o(.text)
    GPIO_PinRemapConfig                      0x0800095b   Thumb Code   138  stm32f10x_gpio.o(.text)
    GPIO_EXTILineConfig                      0x080009e5   Thumb Code    66  stm32f10x_gpio.o(.text)
    GPIO_ETH_MediaInterfaceConfig            0x08000a27   Thumb Code     8  stm32f10x_gpio.o(.text)
    RCC_DeInit                               0x08000a55   Thumb Code    64  stm32f10x_rcc.o(.text)
    RCC_HSEConfig                            0x08000a95   Thumb Code    70  stm32f10x_rcc.o(.text)
    RCC_GetFlagStatus                        0x08000adb   Thumb Code    56  stm32f10x_rcc.o(.text)
    RCC_WaitForHSEStartUp                    0x08000b13   Thumb Code    56  stm32f10x_rcc.o(.text)
    RCC_AdjustHSICalibrationValue            0x08000b4b   Thumb Code    20  stm32f10x_rcc.o(.text)
    RCC_HSICmd                               0x08000b5f   Thumb Code     6  stm32f10x_rcc.o(.text)
    RCC_PLLConfig                            0x08000b65   Thumb Code    24  stm32f10x_rcc.o(.text)
    RCC_PLLCmd                               0x08000b7d   Thumb Code     6  stm32f10x_rcc.o(.text)
    RCC_SYSCLKConfig                         0x08000b83   Thumb Code    18  stm32f10x_rcc.o(.text)
    RCC_GetSYSCLKSource                      0x08000b95   Thumb Code    10  stm32f10x_rcc.o(.text)
    RCC_HCLKConfig                           0x08000b9f   Thumb Code    18  stm32f10x_rcc.o(.text)
    RCC_PCLK1Config                          0x08000bb1   Thumb Code    18  stm32f10x_rcc.o(.text)
    RCC_PCLK2Config                          0x08000bc3   Thumb Code    20  stm32f10x_rcc.o(.text)
    RCC_ITConfig                             0x08000bd7   Thumb Code    26  stm32f10x_rcc.o(.text)
    RCC_USBCLKConfig                         0x08000bf1   Thumb Code     8  stm32f10x_rcc.o(.text)
    RCC_ADCCLKConfig                         0x08000bf9   Thumb Code    18  stm32f10x_rcc.o(.text)
    RCC_LSEConfig                            0x08000c0b   Thumb Code    50  stm32f10x_rcc.o(.text)
    RCC_LSICmd                               0x08000c3d   Thumb Code     6  stm32f10x_rcc.o(.text)
    RCC_RTCCLKConfig                         0x08000c43   Thumb Code    12  stm32f10x_rcc.o(.text)
    RCC_RTCCLKCmd                            0x08000c4f   Thumb Code     8  stm32f10x_rcc.o(.text)
    RCC_GetClocksFreq                        0x08000c57   Thumb Code   192  stm32f10x_rcc.o(.text)
    RCC_AHBPeriphClockCmd                    0x08000d17   Thumb Code    26  stm32f10x_rcc.o(.text)
    RCC_APB2PeriphClockCmd                   0x08000d31   Thumb Code    26  stm32f10x_rcc.o(.text)
    RCC_APB1PeriphClockCmd                   0x08000d4b   Thumb Code    26  stm32f10x_rcc.o(.text)
    RCC_APB2PeriphResetCmd                   0x08000d65   Thumb Code    26  stm32f10x_rcc.o(.text)
    RCC_APB1PeriphResetCmd                   0x08000d7f   Thumb Code    26  stm32f10x_rcc.o(.text)
    RCC_BackupResetCmd                       0x08000d99   Thumb Code     8  stm32f10x_rcc.o(.text)
    RCC_ClockSecuritySystemCmd               0x08000da1   Thumb Code     6  stm32f10x_rcc.o(.text)
    RCC_MCOConfig                            0x08000da7   Thumb Code     6  stm32f10x_rcc.o(.text)
    RCC_ClearFlag                            0x08000dad   Thumb Code    14  stm32f10x_rcc.o(.text)
    RCC_GetITStatus                          0x08000dbb   Thumb Code    20  stm32f10x_rcc.o(.text)
    RCC_ClearITPendingBit                    0x08000dcf   Thumb Code     6  stm32f10x_rcc.o(.text)
    TIM_DeInit                               0x08000df9   Thumb Code   424  stm32f10x_tim.o(.text)
    TIM_TimeBaseInit                         0x08000fa1   Thumb Code   122  stm32f10x_tim.o(.text)
    TIM_OC1Init                              0x0800101b   Thumb Code   132  stm32f10x_tim.o(.text)
    TIM_OC2Init                              0x0800109f   Thumb Code   154  stm32f10x_tim.o(.text)
    TIM_OC3Init                              0x08001139   Thumb Code   150  stm32f10x_tim.o(.text)
    TIM_OC4Init                              0x080011cf   Thumb Code   182  stm32f10x_tim.o(.text)
    TIM_SetIC4Prescaler                      0x08001285   Thumb Code    26  stm32f10x_tim.o(.text)
    TIM_SetIC3Prescaler                      0x08001321   Thumb Code    18  stm32f10x_tim.o(.text)
    TIM_SetIC2Prescaler                      0x080013ad   Thumb Code    26  stm32f10x_tim.o(.text)
    TIM_SetIC1Prescaler                      0x08001449   Thumb Code    18  stm32f10x_tim.o(.text)
    TIM_ICInit                               0x080014c7   Thumb Code   150  stm32f10x_tim.o(.text)
    TIM_PWMIConfig                           0x0800155d   Thumb Code   124  stm32f10x_tim.o(.text)
    TIM_BDTRConfig                           0x080015d9   Thumb Code    32  stm32f10x_tim.o(.text)
    TIM_TimeBaseStructInit                   0x080015f9   Thumb Code    18  stm32f10x_tim.o(.text)
    TIM_OCStructInit                         0x0800160b   Thumb Code    20  stm32f10x_tim.o(.text)
    TIM_ICStructInit                         0x0800161f   Thumb Code    18  stm32f10x_tim.o(.text)
    TIM_BDTRStructInit                       0x08001631   Thumb Code    40  stm32f10x_tim.o(.text)
    TIM_Cmd                                  0x08001659   Thumb Code    24  stm32f10x_tim.o(.text)
    TIM_CtrlPWMOutputs                       0x08001671   Thumb Code    30  stm32f10x_tim.o(.text)
    TIM_ITConfig                             0x0800168f   Thumb Code    18  stm32f10x_tim.o(.text)
    TIM_GenerateEvent                        0x080016a1   Thumb Code     4  stm32f10x_tim.o(.text)
    TIM_DMAConfig                            0x080016a5   Thumb Code    10  stm32f10x_tim.o(.text)
    TIM_DMACmd                               0x080016af   Thumb Code    18  stm32f10x_tim.o(.text)
    TIM_InternalClockConfig                  0x080016c1   Thumb Code    12  stm32f10x_tim.o(.text)
    TIM_SelectInputTrigger                   0x080016cd   Thumb Code    18  stm32f10x_tim.o(.text)
    TIM_ITRxExternalClockConfig              0x080016df   Thumb Code    24  stm32f10x_tim.o(.text)
    TIM_TIxExternalClockConfig               0x080016f7   Thumb Code    62  stm32f10x_tim.o(.text)
    TIM_ETRConfig                            0x08001735   Thumb Code    28  stm32f10x_tim.o(.text)
    TIM_ETRClockMode1Config                  0x08001751   Thumb Code    54  stm32f10x_tim.o(.text)
    TIM_ETRClockMode2Config                  0x08001787   Thumb Code    32  stm32f10x_tim.o(.text)
    TIM_PrescalerConfig                      0x080017a7   Thumb Code     6  stm32f10x_tim.o(.text)
    TIM_CounterModeConfig                    0x080017ad   Thumb Code    18  stm32f10x_tim.o(.text)
    TIM_EncoderInterfaceConfig               0x080017bf   Thumb Code    66  stm32f10x_tim.o(.text)
    TIM_ForcedOC1Config                      0x08001801   Thumb Code    18  stm32f10x_tim.o(.text)
    TIM_ForcedOC2Config                      0x08001813   Thumb Code    26  stm32f10x_tim.o(.text)
    TIM_ForcedOC3Config                      0x0800182d   Thumb Code    18  stm32f10x_tim.o(.text)
    TIM_ForcedOC4Config                      0x0800183f   Thumb Code    26  stm32f10x_tim.o(.text)
    TIM_ARRPreloadConfig                     0x08001859   Thumb Code    24  stm32f10x_tim.o(.text)
    TIM_SelectCOM                            0x08001871   Thumb Code    24  stm32f10x_tim.o(.text)
    TIM_SelectCCDMA                          0x08001889   Thumb Code    24  stm32f10x_tim.o(.text)
    TIM_CCPreloadControl                     0x080018a1   Thumb Code    24  stm32f10x_tim.o(.text)
    TIM_OC1PreloadConfig                     0x080018b9   Thumb Code    18  stm32f10x_tim.o(.text)
    TIM_OC2PreloadConfig                     0x080018cb   Thumb Code    26  stm32f10x_tim.o(.text)
    TIM_OC3PreloadConfig                     0x080018e5   Thumb Code    18  stm32f10x_tim.o(.text)
    TIM_OC4PreloadConfig                     0x080018f7   Thumb Code    26  stm32f10x_tim.o(.text)
    TIM_OC1FastConfig                        0x08001911   Thumb Code    18  stm32f10x_tim.o(.text)
    TIM_OC2FastConfig                        0x08001923   Thumb Code    26  stm32f10x_tim.o(.text)
    TIM_OC3FastConfig                        0x0800193d   Thumb Code    18  stm32f10x_tim.o(.text)
    TIM_OC4FastConfig                        0x0800194f   Thumb Code    26  stm32f10x_tim.o(.text)
    TIM_ClearOC1Ref                          0x08001969   Thumb Code    18  stm32f10x_tim.o(.text)
    TIM_ClearOC2Ref                          0x0800197b   Thumb Code    24  stm32f10x_tim.o(.text)
    TIM_ClearOC3Ref                          0x08001993   Thumb Code    18  stm32f10x_tim.o(.text)
    TIM_ClearOC4Ref                          0x080019a5   Thumb Code    24  stm32f10x_tim.o(.text)
    TIM_OC1PolarityConfig                    0x080019bd   Thumb Code    18  stm32f10x_tim.o(.text)
    TIM_OC1NPolarityConfig                   0x080019cf   Thumb Code    18  stm32f10x_tim.o(.text)
    TIM_OC2PolarityConfig                    0x080019e1   Thumb Code    26  stm32f10x_tim.o(.text)
    TIM_OC2NPolarityConfig                   0x080019fb   Thumb Code    26  stm32f10x_tim.o(.text)
    TIM_OC3PolarityConfig                    0x08001a15   Thumb Code    26  stm32f10x_tim.o(.text)
    TIM_OC3NPolarityConfig                   0x08001a2f   Thumb Code    26  stm32f10x_tim.o(.text)
    TIM_OC4PolarityConfig                    0x08001a49   Thumb Code    26  stm32f10x_tim.o(.text)
    TIM_CCxCmd                               0x08001a63   Thumb Code    30  stm32f10x_tim.o(.text)
    TIM_CCxNCmd                              0x08001a81   Thumb Code    30  stm32f10x_tim.o(.text)
    TIM_SelectOCxM                           0x08001a9f   Thumb Code    82  stm32f10x_tim.o(.text)
    TIM_UpdateDisableConfig                  0x08001af1   Thumb Code    24  stm32f10x_tim.o(.text)
    TIM_UpdateRequestConfig                  0x08001b09   Thumb Code    24  stm32f10x_tim.o(.text)
    TIM_SelectHallSensor                     0x08001b21   Thumb Code    24  stm32f10x_tim.o(.text)
    TIM_SelectOnePulseMode                   0x08001b39   Thumb Code    18  stm32f10x_tim.o(.text)
    TIM_SelectOutputTrigger                  0x08001b4b   Thumb Code    18  stm32f10x_tim.o(.text)
    TIM_SelectSlaveMode                      0x08001b5d   Thumb Code    18  stm32f10x_tim.o(.text)
    TIM_SelectMasterSlaveMode                0x08001b6f   Thumb Code    18  stm32f10x_tim.o(.text)
    TIM_SetCounter                           0x08001b81   Thumb Code     4  stm32f10x_tim.o(.text)
    TIM_SetAutoreload                        0x08001b85   Thumb Code     4  stm32f10x_tim.o(.text)
    TIM_SetCompare1                          0x08001b89   Thumb Code     4  stm32f10x_tim.o(.text)
    TIM_SetCompare2                          0x08001b8d   Thumb Code     4  stm32f10x_tim.o(.text)
    TIM_SetCompare3                          0x08001b91   Thumb Code     4  stm32f10x_tim.o(.text)
    TIM_SetCompare4                          0x08001b95   Thumb Code     6  stm32f10x_tim.o(.text)
    TIM_SetClockDivision                     0x08001b9b   Thumb Code    18  stm32f10x_tim.o(.text)
    TIM_GetCapture1                          0x08001bad   Thumb Code     6  stm32f10x_tim.o(.text)
    TIM_GetCapture2                          0x08001bb3   Thumb Code     6  stm32f10x_tim.o(.text)
    TIM_GetCapture3                          0x08001bb9   Thumb Code     6  stm32f10x_tim.o(.text)
    TIM_GetCapture4                          0x08001bbf   Thumb Code     8  stm32f10x_tim.o(.text)
    TIM_GetCounter                           0x08001bc7   Thumb Code     6  stm32f10x_tim.o(.text)
    TIM_GetPrescaler                         0x08001bcd   Thumb Code     6  stm32f10x_tim.o(.text)
    TIM_GetFlagStatus                        0x08001bd3   Thumb Code    18  stm32f10x_tim.o(.text)
    TIM_ClearFlag                            0x08001be5   Thumb Code     6  stm32f10x_tim.o(.text)
    TIM_GetITStatus                          0x08001beb   Thumb Code    34  stm32f10x_tim.o(.text)
    TIM_ClearITPendingBit                    0x08001c0d   Thumb Code     6  stm32f10x_tim.o(.text)
    USART_DeInit                             0x08001c15   Thumb Code   134  stm32f10x_usart.o(.text)
    USART_Init                               0x08001c9b   Thumb Code   210  stm32f10x_usart.o(.text)
    USART_StructInit                         0x08001d6d   Thumb Code    24  stm32f10x_usart.o(.text)
    USART_ClockInit                          0x08001d85   Thumb Code    34  stm32f10x_usart.o(.text)
    USART_ClockStructInit                    0x08001da7   Thumb Code    12  stm32f10x_usart.o(.text)
    USART_Cmd                                0x08001db3   Thumb Code    24  stm32f10x_usart.o(.text)
    USART_ITConfig                           0x08001dcb   Thumb Code    74  stm32f10x_usart.o(.text)
    USART_DMACmd                             0x08001e15   Thumb Code    18  stm32f10x_usart.o(.text)
    USART_SetAddress                         0x08001e27   Thumb Code    18  stm32f10x_usart.o(.text)
    USART_WakeUpConfig                       0x08001e39   Thumb Code    18  stm32f10x_usart.o(.text)
    USART_ReceiverWakeUpCmd                  0x08001e4b   Thumb Code    24  stm32f10x_usart.o(.text)
    USART_LINBreakDetectLengthConfig         0x08001e63   Thumb Code    18  stm32f10x_usart.o(.text)
    USART_LINCmd                             0x08001e75   Thumb Code    24  stm32f10x_usart.o(.text)
    USART_SendData                           0x08001e8d   Thumb Code     8  stm32f10x_usart.o(.text)
    USART_ReceiveData                        0x08001e95   Thumb Code    10  stm32f10x_usart.o(.text)
    USART_SendBreak                          0x08001e9f   Thumb Code    10  stm32f10x_usart.o(.text)
    USART_SetGuardTime                       0x08001ea9   Thumb Code    16  stm32f10x_usart.o(.text)
    USART_SetPrescaler                       0x08001eb9   Thumb Code    16  stm32f10x_usart.o(.text)
    USART_SmartCardCmd                       0x08001ec9   Thumb Code    24  stm32f10x_usart.o(.text)
    USART_SmartCardNACKCmd                   0x08001ee1   Thumb Code    24  stm32f10x_usart.o(.text)
    USART_HalfDuplexCmd                      0x08001ef9   Thumb Code    24  stm32f10x_usart.o(.text)
    USART_OverSampling8Cmd                   0x08001f11   Thumb Code    22  stm32f10x_usart.o(.text)
    USART_OneBitMethodCmd                    0x08001f27   Thumb Code    24  stm32f10x_usart.o(.text)
    USART_IrDAConfig                         0x08001f3f   Thumb Code    18  stm32f10x_usart.o(.text)
    USART_IrDACmd                            0x08001f51   Thumb Code    24  stm32f10x_usart.o(.text)
    USART_GetFlagStatus                      0x08001f69   Thumb Code    26  stm32f10x_usart.o(.text)
    USART_ClearFlag                          0x08001f83   Thumb Code    18  stm32f10x_usart.o(.text)
    USART_GetITStatus                        0x08001f95   Thumb Code    84  stm32f10x_usart.o(.text)
    USART_ClearITPendingBit                  0x08001fe9   Thumb Code    52  stm32f10x_usart.o(.text)
    Reset_Handler                            0x0800201d   Thumb Code     8  startup_stm32f10x_hd.o(.text)
    ADC1_2_IRQHandler                        0x08002037   Thumb Code     0  startup_stm32f10x_hd.o(.text)
    ADC3_IRQHandler                          0x08002037   Thumb Code     0  startup_stm32f10x_hd.o(.text)
    CAN1_RX1_IRQHandler                      0x08002037   Thumb Code     0  startup_stm32f10x_hd.o(.text)
    CAN1_SCE_IRQHandler                      0x08002037   Thumb Code     0  startup_stm32f10x_hd.o(.text)
    DMA1_Channel1_IRQHandler                 0x08002037   Thumb Code     0  startup_stm32f10x_hd.o(.text)
    DMA1_Channel2_IRQHandler                 0x08002037   Thumb Code     0  startup_stm32f10x_hd.o(.text)
    DMA1_Channel3_IRQHandler                 0x08002037   Thumb Code     0  startup_stm32f10x_hd.o(.text)
    DMA1_Channel5_IRQHandler                 0x08002037   Thumb Code     0  startup_stm32f10x_hd.o(.text)
    DMA1_Channel6_IRQHandler                 0x08002037   Thumb Code     0  startup_stm32f10x_hd.o(.text)
    DMA1_Channel7_IRQHandler                 0x08002037   Thumb Code     0  startup_stm32f10x_hd.o(.text)
    DMA2_Channel1_IRQHandler                 0x08002037   Thumb Code     0  startup_stm32f10x_hd.o(.text)
    DMA2_Channel2_IRQHandler                 0x08002037   Thumb Code     0  startup_stm32f10x_hd.o(.text)
    DMA2_Channel3_IRQHandler                 0x08002037   Thumb Code     0  startup_stm32f10x_hd.o(.text)
    DMA2_Channel4_5_IRQHandler               0x08002037   Thumb Code     0  startup_stm32f10x_hd.o(.text)
    EXTI0_IRQHandler                         0x08002037   Thumb Code     0  startup_stm32f10x_hd.o(.text)
    EXTI15_10_IRQHandler                     0x08002037   Thumb Code     0  startup_stm32f10x_hd.o(.text)
    EXTI1_IRQHandler                         0x08002037   Thumb Code     0  startup_stm32f10x_hd.o(.text)
    EXTI2_IRQHandler                         0x08002037   Thumb Code     0  startup_stm32f10x_hd.o(.text)
    EXTI3_IRQHandler                         0x08002037   Thumb Code     0  startup_stm32f10x_hd.o(.text)
    EXTI4_IRQHandler                         0x08002037   Thumb Code     0  startup_stm32f10x_hd.o(.text)
    EXTI9_5_IRQHandler                       0x08002037   Thumb Code     0  startup_stm32f10x_hd.o(.text)
    FLASH_IRQHandler                         0x08002037   Thumb Code     0  startup_stm32f10x_hd.o(.text)
    FSMC_IRQHandler                          0x08002037   Thumb Code     0  startup_stm32f10x_hd.o(.text)
    I2C1_ER_IRQHandler                       0x08002037   Thumb Code     0  startup_stm32f10x_hd.o(.text)
    I2C1_EV_IRQHandler                       0x08002037   Thumb Code     0  startup_stm32f10x_hd.o(.text)
    I2C2_ER_IRQHandler                       0x08002037   Thumb Code     0  startup_stm32f10x_hd.o(.text)
    I2C2_EV_IRQHandler                       0x08002037   Thumb Code     0  startup_stm32f10x_hd.o(.text)
    PVD_IRQHandler                           0x08002037   Thumb Code     0  startup_stm32f10x_hd.o(.text)
    RCC_IRQHandler                           0x08002037   Thumb Code     0  startup_stm32f10x_hd.o(.text)
    RTCAlarm_IRQHandler                      0x08002037   Thumb Code     0  startup_stm32f10x_hd.o(.text)
    RTC_IRQHandler                           0x08002037   Thumb Code     0  startup_stm32f10x_hd.o(.text)
    SDIO_IRQHandler                          0x08002037   Thumb Code     0  startup_stm32f10x_hd.o(.text)
    SPI1_IRQHandler                          0x08002037   Thumb Code     0  startup_stm32f10x_hd.o(.text)
    SPI2_IRQHandler                          0x08002037   Thumb Code     0  startup_stm32f10x_hd.o(.text)
    SPI3_IRQHandler                          0x08002037   Thumb Code     0  startup_stm32f10x_hd.o(.text)
    TAMPER_IRQHandler                        0x08002037   Thumb Code     0  startup_stm32f10x_hd.o(.text)
    TIM1_BRK_IRQHandler                      0x08002037   Thumb Code     0  startup_stm32f10x_hd.o(.text)
    TIM1_CC_IRQHandler                       0x08002037   Thumb Code     0  startup_stm32f10x_hd.o(.text)
    TIM1_TRG_COM_IRQHandler                  0x08002037   Thumb Code     0  startup_stm32f10x_hd.o(.text)
    TIM1_UP_IRQHandler                       0x08002037   Thumb Code     0  startup_stm32f10x_hd.o(.text)
    TIM2_IRQHandler                          0x08002037   Thumb Code     0  startup_stm32f10x_hd.o(.text)
    TIM3_IRQHandler                          0x08002037   Thumb Code     0  startup_stm32f10x_hd.o(.text)
    TIM4_IRQHandler                          0x08002037   Thumb Code     0  startup_stm32f10x_hd.o(.text)
    TIM5_IRQHandler                          0x08002037   Thumb Code     0  startup_stm32f10x_hd.o(.text)
    TIM7_IRQHandler                          0x08002037   Thumb Code     0  startup_stm32f10x_hd.o(.text)
    TIM8_BRK_IRQHandler                      0x08002037   Thumb Code     0  startup_stm32f10x_hd.o(.text)
    TIM8_CC_IRQHandler                       0x08002037   Thumb Code     0  startup_stm32f10x_hd.o(.text)
    TIM8_TRG_COM_IRQHandler                  0x08002037   Thumb Code     0  startup_stm32f10x_hd.o(.text)
    TIM8_UP_IRQHandler                       0x08002037   Thumb Code     0  startup_stm32f10x_hd.o(.text)
    UART4_IRQHandler                         0x08002037   Thumb Code     0  startup_stm32f10x_hd.o(.text)
    UART5_IRQHandler                         0x08002037   Thumb Code     0  startup_stm32f10x_hd.o(.text)
    USART2_IRQHandler                        0x08002037   Thumb Code     0  startup_stm32f10x_hd.o(.text)
    USART3_IRQHandler                        0x08002037   Thumb Code     0  startup_stm32f10x_hd.o(.text)
    USBWakeUp_IRQHandler                     0x08002037   Thumb Code     0  startup_stm32f10x_hd.o(.text)
    USB_HP_CAN1_TX_IRQHandler                0x08002037   Thumb Code     0  startup_stm32f10x_hd.o(.text)
    USB_LP_CAN1_RX0_IRQHandler               0x08002037   Thumb Code     0  startup_stm32f10x_hd.o(.text)
    WWDG_IRQHandler                          0x08002037   Thumb Code     0  startup_stm32f10x_hd.o(.text)
    NMI_Handler                              0x08002041   Thumb Code     2  stm32f10x_it.o(.text)
    HardFault_Handler                        0x08002043   Thumb Code     4  stm32f10x_it.o(.text)
    MemManage_Handler                        0x08002047   Thumb Code     4  stm32f10x_it.o(.text)
    BusFault_Handler                         0x0800204b   Thumb Code     4  stm32f10x_it.o(.text)
    UsageFault_Handler                       0x0800204f   Thumb Code     4  stm32f10x_it.o(.text)
    DebugMon_Handler                         0x08002053   Thumb Code     2  stm32f10x_it.o(.text)
    main                                     0x080020fd   Thumb Code    28  main.o(.text)
    vSetupSysInfoTest                        0x08002179   Thumb Code    18  sysinfotest.o(.text)
    TIM6_IRQHandler                          0x0800218b   Thumb Code    32  sysinfotest.o(.text)
    bsp_LED_Init                             0x080021df   Thumb Code    84  led.o(.text)
    bsp_Led_Flash                            0x08002233   Thumb Code    50  led.o(.text)
    bsp_Init                                 0x08002275   Thumb Code    26  bsp.o(.text)
    bsp_KEY_Init                             0x080022b5   Thumb Code    16  bsp_key.o(.text)
    Key_Scan                                 0x080022c5   Thumb Code   188  bsp_key.o(.text)
    USART1_DMA_Config                        0x080023cd   Thumb Code   194  usart1.o(.text)
    USART1_Config                            0x0800248f   Thumb Code   174  usart1.o(.text)
    Uart1_Start_DMA_Tx                       0x0800253d   Thumb Code    26  usart1.o(.text)
    DMA1_Channel4_IRQHandler                 0x08002557   Thumb Code    36  usart1.o(.text)
    USART1_IRQHandler                        0x0800257b   Thumb Code   146  usart1.o(.text)
    Uart1_DMA_SendString                     0x0800260d   Thumb Code    52  usart1.o(.text)
    Usart1_SendByte                          0x08002641   Thumb Code    30  usart1.o(.text)
    Usar1_SendString                         0x0800265f   Thumb Code    42  usart1.o(.text)
    Usart1_SendHalfWord                      0x08002689   Thumb Code    60  usart1.o(.text)
    bsp_GetRCCofGPIO                         0x080026e9   Thumb Code    74  bsp_tim_pwm.o(.text)
    bsp_GetRCCofTIM                          0x08002733   Thumb Code   150  bsp_tim_pwm.o(.text)
    bsp_ConfigTimGpio                        0x080027c9   Thumb Code    96  bsp_tim_pwm.o(.text)
    bsp_ConfigGpioOut                        0x08002829   Thumb Code    46  bsp_tim_pwm.o(.text)
    bsp_SetTIMOutPWM                         0x08002857   Thumb Code   426  bsp_tim_pwm.o(.text)
    bsp_SetTIMOutPWM_N                       0x08002a01   Thumb Code   516  bsp_tim_pwm.o(.text)
    bsp_SetTIMforInt                         0x08002c05   Thumb Code   478  bsp_tim_pwm.o(.text)
    pvPortMalloc                             0x08002ed3   Thumb Code   254  heap_4.o(.text)
    vPortFree                                0x08002fd1   Thumb Code   112  heap_4.o(.text)
    xPortGetFreeHeapSize                     0x08003041   Thumb Code     6  heap_4.o(.text)
    xPortGetMinimumEverFreeHeapSize          0x08003047   Thumb Code     6  heap_4.o(.text)
    vPortInitialiseBlocks                    0x0800304d   Thumb Code     2  heap_4.o(.text)
    pxPortInitialiseStack                    0x08003089   Thumb Code    26  port.o(.text)
    vPortSetupTimerInterrupt                 0x080030a3   Thumb Code    14  port.o(.text)
    xPortStartScheduler                      0x080030b1   Thumb Code   140  port.o(.text)
    vPortEndScheduler                        0x0800313d   Thumb Code    30  port.o(.text)
    vPortYield                               0x0800315b   Thumb Code    20  port.o(.text)
    vPortEnterCritical                       0x0800316f   Thumb Code    60  port.o(.text)
    vPortExitCritical                        0x080031ab   Thumb Code    40  port.o(.text)
    SysTick_Handler                          0x080031d3   Thumb Code    30  port.o(.text)
    vPortValidateInterruptPriority           0x080031f1   Thumb Code    80  port.o(.text)
    vListInitialise                          0x0800325d   Thumb Code    26  list.o(.text)
    vListInitialiseItem                      0x08003277   Thumb Code     6  list.o(.text)
    vListInsertEnd                           0x0800327d   Thumb Code    24  list.o(.text)
    vListInsert                              0x08003295   Thumb Code    52  list.o(.text)
    uxListRemove                             0x080032c9   Thumb Code    40  list.o(.text)
    xQueueGenericReset                       0x080032f1   Thumb Code   120  queue.o(.text)
    xQueueGenericCreate                      0x08003369   Thumb Code   102  queue.o(.text)
    xQueueGenericSend                        0x080034d9   Thumb Code   296  queue.o(.text)
    xQueueGenericSendFromISR                 0x08003601   Thumb Code   172  queue.o(.text)
    xQueueGiveFromISR                        0x080036ad   Thumb Code   148  queue.o(.text)
    xQueueGenericReceive                     0x08003785   Thumb Code   290  queue.o(.text)
    xQueueReceiveFromISR                     0x080038a7   Thumb Code   136  queue.o(.text)
    xQueuePeekFromISR                        0x0800392f   Thumb Code   110  queue.o(.text)
    uxQueueMessagesWaiting                   0x0800399d   Thumb Code    28  queue.o(.text)
    uxQueueSpacesAvailable                   0x080039b9   Thumb Code    34  queue.o(.text)
    uxQueueMessagesWaitingFromISR            0x080039db   Thumb Code    20  queue.o(.text)
    vQueueDelete                             0x080039ef   Thumb Code    24  queue.o(.text)
    xQueueIsQueueEmptyFromISR                0x08003a07   Thumb Code    28  queue.o(.text)
    xQueueIsQueueFullFromISR                 0x08003a23   Thumb Code    32  queue.o(.text)
    xTaskGenericCreate                       0x08003b1d   Thumb Code   282  tasks.o(.text)
    vTaskDelete                              0x08003c61   Thumb Code   160  tasks.o(.text)
    xTaskIncrementTick                       0x08003d01   Thumb Code   272  tasks.o(.text)
    xTaskResumeAll                           0x08003e11   Thumb Code   282  tasks.o(.text)
    vTaskSuspendAll                          0x08003f69   Thumb Code    12  tasks.o(.text)
    vTaskDelayUntil                          0x08003f75   Thumb Code   176  tasks.o(.text)
    vTaskDelay                               0x08004025   Thumb Code    94  tasks.o(.text)
    uxTaskPriorityGet                        0x08004083   Thumb Code    30  tasks.o(.text)
    uxTaskPriorityGetFromISR                 0x080040a1   Thumb Code    42  tasks.o(.text)
    vTaskPrioritySet                         0x080040cb   Thumb Code   224  tasks.o(.text)
    vTaskSwitchContext                       0x080041ab   Thumb Code   106  tasks.o(.text)
    vTaskSuspend                             0x08004215   Thumb Code   224  tasks.o(.text)
    vTaskResume                              0x08004339   Thumb Code   104  tasks.o(.text)
    xTaskResumeFromISR                       0x080043a1   Thumb Code   126  tasks.o(.text)
    vTaskStartScheduler                      0x0800449b   Thumb Code    74  tasks.o(.text)
    vTaskEndScheduler                        0x080044e5   Thumb Code    18  tasks.o(.text)
    xTaskGetTickCount                        0x080044f7   Thumb Code     6  tasks.o(.text)
    xTaskGetTickCountFromISR                 0x080044fd   Thumb Code    16  tasks.o(.text)
    uxTaskGetNumberOfTasks                   0x0800450d   Thumb Code     6  tasks.o(.text)
    vTaskPlaceOnEventList                    0x08004513   Thumb Code    94  tasks.o(.text)
    vTaskPlaceOnUnorderedEventList           0x08004571   Thumb Code   132  tasks.o(.text)
    xTaskRemoveFromEventList                 0x080045f5   Thumb Code   114  tasks.o(.text)
    xTaskRemoveFromUnorderedEventList        0x08004667   Thumb Code   198  tasks.o(.text)
    vTaskSetTimeOutState                     0x0800472d   Thumb Code    28  tasks.o(.text)
    xTaskCheckForTimeOut                     0x08004749   Thumb Code   108  tasks.o(.text)
    vTaskMissedYield                         0x080047b5   Thumb Code     8  tasks.o(.text)
    uxTaskResetEventItemValue                0x080047bd   Thumb Code    24  tasks.o(.text)
    ulTaskNotifyTake                         0x080047d5   Thumb Code   162  tasks.o(.text)
    xTaskNotifyWait                          0x08004877   Thumb Code   196  tasks.o(.text)
    xTaskGenericNotify                       0x0800493b   Thumb Code   202  tasks.o(.text)
    xTaskGenericNotifyFromISR                0x08004a05   Thumb Code   276  tasks.o(.text)
    vTaskNotifyGiveFromISR                   0x08004b19   Thumb Code   158  tasks.o(.text)
    xTaskNotifyStateClear                    0x08004bb7   Thumb Code    50  tasks.o(.text)
    Key_Control                              0x08004bfd   Thumb Code     2  keytask.o(.text)
    vTaskKey                                 0x08004bff   Thumb Code    28  keytask.o(.text)
    vTaskLed                                 0x08004c25   Thumb Code    34  ledtask.o(.text)
    vTaskUart1Rx                             0x08004c55   Thumb Code    36  communicatetask.o(.text)
    vTaskUart1Tx                             0x08004c79   Thumb Code    32  communicatetask.o(.text)
    __aeabi_memcpy                           0x08004ca1   Thumb Code    36  memcpya.o(.text)
    __aeabi_memcpy4                          0x08004ca1   Thumb Code     0  memcpya.o(.text)
    __aeabi_memcpy8                          0x08004ca1   Thumb Code     0  memcpya.o(.text)
    strlen                                   0x08004cc5   Thumb Code    14  strlen.o(.text)
    __scatterload                            0x08004cd5   Thumb Code    28  init.o(.text)
    __scatterload_rt2                        0x08004cd5   Thumb Code     0  init.o(.text)
    __decompress                             0x08004cf9   Thumb Code     0  __dczerorl2.o(.text)
    __decompress1                            0x08004cf9   Thumb Code    86  __dczerorl2.o(.text)
    __scatterload_copy                       0x08004d4f   Thumb Code    14  handlers.o(i.__scatterload_copy)
    __scatterload_null                       0x08004d5d   Thumb Code     2  handlers.o(i.__scatterload_null)
    __scatterload_zeroinit                   0x08004d5f   Thumb Code    14  handlers.o(i.__scatterload_zeroinit)
    Region$$Table$$Base                      0x08004d6c   Number         0  anon$$obj.o(Region$$Table)
    Region$$Table$$Limit                     0x08004d8c   Number         0  anon$$obj.o(Region$$Table)
    SystemCoreClock                          0x20000000   Data           4  system_stm32f10x.o(.data)
    AHBPrescTable                            0x20000004   Data          16  system_stm32f10x.o(.data)
    xQueue_uart1Rx                           0x20000034   Data           4  main.o(.data)
    xQueue_uart1Tx                           0x20000038   Data           4  main.o(.data)
    ulHighFrequencyTimerTicks                0x2000003c   Data           4  sysinfotest.o(.data)
    LedA                                     0x20000040   Data          24  led.o(.data)
    LedB                                     0x20000058   Data          24  led.o(.data)
    LedC                                     0x20000070   Data          24  led.o(.data)
    Fmq                                      0x20000088   Data          24  led.o(.data)
    KEY_RetValue                             0x200000a0   Data           1  bsp_key.o(.data)
    Key_PU                                   0x200000a4   Data          20  bsp_key.o(.data)
    Key_PD                                   0x200000b8   Data          20  bsp_key.o(.data)
    pxCurrentTCB                             0x200000f4   Data           4  tasks.o(.data)
    __initial_sp                             0x20004850   Data           0  startup_stm32f10x_hd.o(STACK)



==============================================================================

Memory Map of the image

  Image Entry point : 0x08000131

  Load Region LR_IROM1 (Base: 0x08000000, Size: 0x00004eb8, Max: 0x00080000, ABSOLUTE, COMPRESSED[0x00004dd4])

    Execution Region ER_IROM1 (Exec base: 0x08000000, Load base: 0x08000000, Size: 0x00004d8c, Max: 0x00080000, ABSOLUTE)

    Exec Addr    Load Addr    Size         Type   Attr      Idx    E Section Name        Object

    0x08000000   0x08000000   0x00000130   Data   RO          398    RESET               startup_stm32f10x_hd.o
    0x08000130   0x08000130   0x00000000   Code   RO          867  * .ARM.Collect$$$$00000000  mc_w.l(entry.o)
    0x08000130   0x08000130   0x00000004   Code   RO          876    .ARM.Collect$$$$00000001  mc_w.l(entry2.o)
    0x08000134   0x08000134   0x00000004   Code   RO          879    .ARM.Collect$$$$00000004  mc_w.l(entry5.o)
    0x08000138   0x08000138   0x00000000   Code   RO          881    .ARM.Collect$$$$00000008  mc_w.l(entry7b.o)
    0x08000138   0x08000138   0x00000000   Code   RO          883    .ARM.Collect$$$$0000000A  mc_w.l(entry8b.o)
    0x08000138   0x08000138   0x00000008   Code   RO          884    .ARM.Collect$$$$0000000B  mc_w.l(entry9a.o)
    0x08000140   0x08000140   0x00000000   Code   RO          886    .ARM.Collect$$$$0000000D  mc_w.l(entry10a.o)
    0x08000140   0x08000140   0x00000000   Code   RO          888    .ARM.Collect$$$$0000000F  mc_w.l(entry11a.o)
    0x08000140   0x08000140   0x00000004   Code   RO          877    .ARM.Collect$$$$00002712  mc_w.l(entry2.o)
    0x08000144   0x08000144   0x000000a2   Code   RO          719    .emb_text           port.o
    0x080001e6   0x080001e6   0x00000002   PAD
    0x080001e8   0x080001e8   0x000001e0   Code   RO           17    .text               system_stm32f10x.o
    0x080003c8   0x080003c8   0x000000dc   Code   RO          114    .text               misc.o
    0x080004a4   0x080004a4   0x00000254   Code   RO          214    .text               stm32f10x_dma.o
    0x080006f8   0x080006f8   0x0000035c   Code   RO          262    .text               stm32f10x_gpio.o
    0x08000a54   0x08000a54   0x000003a4   Code   RO          310    .text               stm32f10x_rcc.o
    0x08000df8   0x08000df8   0x00000e1a   Code   RO          360    .text               stm32f10x_tim.o
    0x08001c12   0x08001c12   0x00000002   PAD
    0x08001c14   0x08001c14   0x00000408   Code   RO          372    .text               stm32f10x_usart.o
    0x0800201c   0x0800201c   0x00000024   Code   RO          399    .text               startup_stm32f10x_hd.o
    0x08002040   0x08002040   0x00000014   Code   RO          403    .text               stm32f10x_it.o
    0x08002054   0x08002054   0x00000124   Code   RO          418    .text               main.o
    0x08002178   0x08002178   0x0000003c   Code   RO          529    .text               sysinfotest.o
    0x080021b4   0x080021b4   0x000000c0   Code   RO          596    .text               led.o
    0x08002274   0x08002274   0x0000001a   Code   RO          628    .text               bsp.o
    0x0800228e   0x0800228e   0x00000002   PAD
    0x08002290   0x08002290   0x000000fc   Code   RO          646    .text               bsp_key.o
    0x0800238c   0x0800238c   0x0000035c   Code   RO          665    .text               usart1.o
    0x080026e8   0x080026e8   0x00000728   Code   RO          680    .text               bsp_tim_pwm.o
    0x08002e10   0x08002e10   0x00000258   Code   RO          695    .text               heap_4.o
    0x08003068   0x08003068   0x000001f4   Code   RO          720    .text               port.o
    0x0800325c   0x0800325c   0x00000094   Code   RO          770    .text               list.o
    0x080032f0   0x080032f0   0x00000752   Code   RO          782    .text               queue.o
    0x08003a42   0x08003a42   0x00000002   PAD
    0x08003a44   0x08003a44   0x000011b8   Code   RO          797    .text               tasks.o
    0x08004bfc   0x08004bfc   0x00000028   Code   RO          822    .text               keytask.o
    0x08004c24   0x08004c24   0x00000030   Code   RO          834    .text               ledtask.o
    0x08004c54   0x08004c54   0x0000004c   Code   RO          846    .text               communicatetask.o
    0x08004ca0   0x08004ca0   0x00000024   Code   RO          870    .text               mc_w.l(memcpya.o)
    0x08004cc4   0x08004cc4   0x0000000e   Code   RO          872    .text               mc_w.l(strlen.o)
    0x08004cd2   0x08004cd2   0x00000002   PAD
    0x08004cd4   0x08004cd4   0x00000024   Code   RO          890    .text               mc_w.l(init.o)
    0x08004cf8   0x08004cf8   0x00000056   Code   RO          900    .text               mc_w.l(__dczerorl2.o)
    0x08004d4e   0x08004d4e   0x0000000e   Code   RO          894    i.__scatterload_copy  mc_w.l(handlers.o)
    0x08004d5c   0x08004d5c   0x00000002   Code   RO          895    i.__scatterload_null  mc_w.l(handlers.o)
    0x08004d5e   0x08004d5e   0x0000000e   Code   RO          896    i.__scatterload_zeroinit  mc_w.l(handlers.o)
    0x08004d6c   0x08004d6c   0x00000020   Data   RO          892    Region$$Table       anon$$obj.o


    Execution Region RW_IRAM1 (Exec base: 0x20000000, Load base: 0x08004d8c, Size: 0x00004850, Max: 0x00010000, ABSOLUTE, COMPRESSED[0x00000048])

    Exec Addr    Load Addr    Size         Type   Attr      Idx    E Section Name        Object

    0x20000000   COMPRESSED   0x00000014   Data   RW           18    .data               system_stm32f10x.o
    0x20000014   COMPRESSED   0x00000014   Data   RW          311    .data               stm32f10x_rcc.o
    0x20000028   COMPRESSED   0x00000014   Data   RW          419    .data               main.o
    0x2000003c   COMPRESSED   0x00000004   Data   RW          530    .data               sysinfotest.o
    0x20000040   COMPRESSED   0x00000060   Data   RW          597    .data               led.o
    0x200000a0   COMPRESSED   0x0000002c   Data   RW          647    .data               bsp_key.o
    0x200000cc   COMPRESSED   0x00000003   Data   RW          667    .data               usart1.o
    0x200000cf   COMPRESSED   0x00000001   PAD
    0x200000d0   COMPRESSED   0x00000018   Data   RW          697    .data               heap_4.o
    0x200000e8   COMPRESSED   0x0000000c   Data   RW          721    .data               port.o
    0x200000f4   COMPRESSED   0x00000038   Data   RW          799    .data               tasks.o
    0x2000012c        -       0x00000064   Zero   RW          666    .bss                usart1.o
    0x20000190        -       0x00004000   Zero   RW          696    .bss                heap_4.o
    0x20004190        -       0x000002bc   Zero   RW          798    .bss                tasks.o
    0x2000444c   COMPRESSED   0x00000004   PAD
    0x20004450        -       0x00000400   Zero   RW          396    STACK               startup_stm32f10x_hd.o


==============================================================================

Image component sizes


      Code (inc. data)   RO Data    RW Data    ZI Data      Debug   Object Name

        26          0          0          0          0        423   bsp.o
       252         12          0         44          0       2524   bsp_key.o
      1832        130          0          0          0       4908   bsp_tim_pwm.o
        76          8          0          0          0        760   communicatetask.o
         0          0          0          0          0       4540   core_cm3.o
       600         26          0         24      16384       4640   heap_4.o
        40         10          0          0          0        603   keytask.o
       192         16          0         96          0       2014   led.o
        48         14          0          0          0        463   ledtask.o
       148          0          0          0          0       1806   list.o
       292         96          0         20          0      28990   main.o
       220         22          0          0          0       1865   misc.o
       662         40          0         12          0       4826   port.o
      1874          0          0          0          0       8982   queue.o
        36          8        304          0       1024        812   startup_stm32f10x_hd.o
       596          8          0          0          0       4426   stm32f10x_dma.o
       860         38          0          0          0       5797   stm32f10x_gpio.o
        20          0          0          0          0        907   stm32f10x_it.o
       932         36          0         20          0       8972   stm32f10x_rcc.o
      3610         88          0          0          0      22908   stm32f10x_tim.o
      1032         22          0          0          0       8520   stm32f10x_usart.o
        60         10          0          4          0       1120   sysinfotest.o
       480         38          0         20          0     260091   system_stm32f10x.o
      4536        272          0         56        700      17736   tasks.o
       860         36          0          3        100       3458   usart1.o

    ----------------------------------------------------------------------
     19292        930        336        300      18212     402091   Object Totals
         0          0         32          0          0          0   (incl. Generated)
         8          0          0          1          4          0   (incl. Padding)

    ----------------------------------------------------------------------

      Code (inc. data)   RO Data    RW Data    ZI Data      Debug   Library Member Name

        86          0          0          0          0          0   __dczerorl2.o
         0          0          0          0          0          0   entry.o
         0          0          0          0          0          0   entry10a.o
         0          0          0          0          0          0   entry11a.o
         8          4          0          0          0          0   entry2.o
         4          0          0          0          0          0   entry5.o
         0          0          0          0          0          0   entry7b.o
         0          0          0          0          0          0   entry8b.o
         8          4          0          0          0          0   entry9a.o
        30          0          0          0          0          0   handlers.o
        36          8          0          0          0         68   init.o
        36          0          0          0          0         68   memcpya.o
        14          0          0          0          0         68   strlen.o

    ----------------------------------------------------------------------
       224         16          0          0          0        204   Library Totals
         2          0          0          0          0          0   (incl. Padding)

    ----------------------------------------------------------------------

      Code (inc. data)   RO Data    RW Data    ZI Data      Debug   Library Name

       222         16          0          0          0        204   mc_w.l

    ----------------------------------------------------------------------
       224         16          0          0          0        204   Library Totals

    ----------------------------------------------------------------------

==============================================================================


      Code (inc. data)   RO Data    RW Data    ZI Data      Debug   

     19516        946        336        300      18212     400395   Grand Totals
     19516        946        336         72      18212     400395   ELF Image Totals (compressed)
     19516        946        336         72          0          0   ROM Totals

==============================================================================

    Total RO  Size (Code + RO Data)                19852 (  19.39kB)
    Total RW  Size (RW Data + ZI Data)             18512 (  18.08kB)
    Total ROM Size (Code + RO Data + RW Data)      19924 (  19.46kB)

==============================================================================

